Archive member included to satisfy reference by file (symbol)

libdrvlib_gd32vf103.a(gd32vf103_exmc.c.obj)
                              CMakeFiles/LED_GD32VF103.elf.dir/LCD_common/exmc_lcd.c.obj (exmc_norsram_init)
libdrvlib_gd32vf103.a(gd32vf103_gpio.c.obj)
                              CMakeFiles/LED_GD32VF103.elf.dir/LCD_common/exmc_lcd.c.obj (gpio_init)
libdrvlib_gd32vf103.a(gd32vf103_rcu.c.obj)
                              CMakeFiles/LED_GD32VF103.elf.dir/LCD_common/exmc_lcd.c.obj (rcu_periph_clock_enable)
/home/fab/sharefile/tools/riscv-none-elf-gcc/xpack-riscv-none-elf-gcc-12.2.0-1/bin/../lib/gcc/riscv-none-elf/12.2.0/../../../../riscv-none-elf/lib/libg_nano.a(lib_a-atexit.o)
                              CMakeFiles/LED_GD32VF103.elf.dir/devices/startup/start.S.obj (atexit)
/home/fab/sharefile/tools/riscv-none-elf-gcc/xpack-riscv-none-elf-gcc-12.2.0-1/bin/../lib/gcc/riscv-none-elf/12.2.0/../../../../riscv-none-elf/lib/libg_nano.a(lib_a-exit.o)
                              CMakeFiles/LED_GD32VF103.elf.dir/devices/startup/start.S.obj (exit)
/home/fab/sharefile/tools/riscv-none-elf-gcc/xpack-riscv-none-elf-gcc-12.2.0-1/bin/../lib/gcc/riscv-none-elf/12.2.0/../../../../riscv-none-elf/lib/libg_nano.a(lib_a-fini.o)
                              CMakeFiles/LED_GD32VF103.elf.dir/devices/startup/start.S.obj (__libc_fini_array)
/home/fab/sharefile/tools/riscv-none-elf-gcc/xpack-riscv-none-elf-gcc-12.2.0-1/bin/../lib/gcc/riscv-none-elf/12.2.0/../../../../riscv-none-elf/lib/libg_nano.a(lib_a-impure.o)
                              /home/fab/sharefile/tools/riscv-none-elf-gcc/xpack-riscv-none-elf-gcc-12.2.0-1/bin/../lib/gcc/riscv-none-elf/12.2.0/../../../../riscv-none-elf/lib/libg_nano.a(lib_a-exit.o) (_global_impure_ptr)
/home/fab/sharefile/tools/riscv-none-elf-gcc/xpack-riscv-none-elf-gcc-12.2.0-1/bin/../lib/gcc/riscv-none-elf/12.2.0/../../../../riscv-none-elf/lib/libg_nano.a(lib_a-init.o)
                              CMakeFiles/LED_GD32VF103.elf.dir/devices/startup/start.S.obj (__libc_init_array)
/home/fab/sharefile/tools/riscv-none-elf-gcc/xpack-riscv-none-elf-gcc-12.2.0-1/bin/../lib/gcc/riscv-none-elf/12.2.0/../../../../riscv-none-elf/lib/libg_nano.a(lib_a-syswrite.o)
                              CMakeFiles/LED_GD32VF103.elf.dir/devices/startup/handlers.c.obj (write)
/home/fab/sharefile/tools/riscv-none-elf-gcc/xpack-riscv-none-elf-gcc-12.2.0-1/bin/../lib/gcc/riscv-none-elf/12.2.0/../../../../riscv-none-elf/lib/libg_nano.a(lib_a-writer.o)
                              /home/fab/sharefile/tools/riscv-none-elf-gcc/xpack-riscv-none-elf-gcc-12.2.0-1/bin/../lib/gcc/riscv-none-elf/12.2.0/../../../../riscv-none-elf/lib/libg_nano.a(lib_a-syswrite.o) (_write_r)
/home/fab/sharefile/tools/riscv-none-elf-gcc/xpack-riscv-none-elf-gcc-12.2.0-1/bin/../lib/gcc/riscv-none-elf/12.2.0/../../../../riscv-none-elf/lib/libg_nano.a(lib_a-__atexit.o)
                              /home/fab/sharefile/tools/riscv-none-elf-gcc/xpack-riscv-none-elf-gcc-12.2.0-1/bin/../lib/gcc/riscv-none-elf/12.2.0/../../../../riscv-none-elf/lib/libg_nano.a(lib_a-atexit.o) (__register_exitproc)
/home/fab/sharefile/tools/riscv-none-elf-gcc/xpack-riscv-none-elf-gcc-12.2.0-1/bin/../lib/gcc/riscv-none-elf/12.2.0/../../../../riscv-none-elf/lib/libg_nano.a(lib_a-__call_atexit.o)
                              /home/fab/sharefile/tools/riscv-none-elf-gcc/xpack-riscv-none-elf-gcc-12.2.0-1/bin/../lib/gcc/riscv-none-elf/12.2.0/../../../../riscv-none-elf/lib/libg_nano.a(lib_a-__atexit.o) (__call_exitprocs)
/home/fab/sharefile/tools/riscv-none-elf-gcc/xpack-riscv-none-elf-gcc-12.2.0-1/bin/../lib/gcc/riscv-none-elf/12.2.0/../../../../riscv-none-elf/lib/libg_nano.a(lib_a-lock.o)
                              /home/fab/sharefile/tools/riscv-none-elf-gcc/xpack-riscv-none-elf-gcc-12.2.0-1/bin/../lib/gcc/riscv-none-elf/12.2.0/../../../../riscv-none-elf/lib/libg_nano.a(lib_a-__atexit.o) (__retarget_lock_acquire_recursive)
/home/fab/sharefile/tools/riscv-none-elf-gcc/xpack-riscv-none-elf-gcc-12.2.0-1/bin/../lib/gcc/riscv-none-elf/12.2.0/../../../../riscv-none-elf/lib/libg_nano.a(lib_a-reent.o)
                              /home/fab/sharefile/tools/riscv-none-elf-gcc/xpack-riscv-none-elf-gcc-12.2.0-1/bin/../lib/gcc/riscv-none-elf/12.2.0/../../../../riscv-none-elf/lib/libg_nano.a(lib_a-writer.o) (errno)
/home/fab/sharefile/tools/riscv-none-elf-gcc/xpack-riscv-none-elf-gcc-12.2.0-1/bin/../lib/gcc/riscv-none-elf/12.2.0/../../../../riscv-none-elf/lib/libg_nano.a(lib_a-nano-freer.o)
                              /home/fab/sharefile/tools/riscv-none-elf-gcc/xpack-riscv-none-elf-gcc-12.2.0-1/bin/../lib/gcc/riscv-none-elf/12.2.0/../../../../riscv-none-elf/lib/libg_nano.a(lib_a-reent.o) (_free_r)
/home/fab/sharefile/tools/riscv-none-elf-gcc/xpack-riscv-none-elf-gcc-12.2.0-1/bin/../lib/gcc/riscv-none-elf/12.2.0/../../../../riscv-none-elf/lib/libg_nano.a(lib_a-nano-mallocr.o)
[...]
Memory Configuration

Name             Origin             Length             Attributes
flash            0x0000000008000000 0x0000000000020000 axrl !w
ram              0x0000000020000000 0x0000000000008000 axw !rl
*default*        0x0000000000000000 0xffffffffffffffff

Linker script and memory map

                0x0000000000000800                __stack_size = DEFINED (__stack_size)?__stack_size:0x800

.init           0x0000000008000000      0x238
 *(SORT_NONE(.init))
 .init          0x0000000008000000      0x238 CMakeFiles/LED_GD32VF103.elf.dir/devices/startup/start.S.obj
                0x000000000800015c                _start
                0x000000000800022a                disable_mcycle_minstret
                0x0000000008000230                enable_mcycle_minstret

.ilalign        0x0000000008000238        0x0
                0x0000000008000238                . = ALIGN (0x4)
                [!provide]                        PROVIDE (_ilm_lma = .)

.ialign         0x0000000008000238        0x0
                [!provide]                        PROVIDE (_ilm = .)

.text           0x0000000008000240     0x9fcc
 *(.rodata .rodata.*)
 .rodata.ASCII_Table_16x24
                0x0000000008000240     0x11d0 CMakeFiles/LED_GD32VF103.elf.dir/LCD_common/ili9320.c.obj
                0x0000000008000240                ASCII_Table_16x24
 .rodata.ascii_8x16
                0x0000000008001410      0x600 CMakeFiles/LED_GD32VF103.elf.dir/LCD_common/ili9320.c.obj
                0x0000000008001410                ascii_8x16
 .rodata.picture
                0x0000000008001a10     0x5918 CMakeFiles/LED_GD32VF103.elf.dir/LCD_common/picture.c.obj
                0x0000000008001a10                picture
 .rodata.handle_nmi.str1.4
                0x0000000008007328        0x5 CMakeFiles/LED_GD32VF103.elf.dir/devices/startup/handlers.c.obj
 *fill*         0x000000000800732d        0x3 
 .rodata.handle_trap.str1.4
                0x0000000008007330        0x6 CMakeFiles/LED_GD32VF103.elf.dir/devices/startup/handlers.c.obj
 *fill*         0x0000000008007336        0x2 
 .rodata        0x0000000008007338       0x10 CMakeFiles/LED_GD32VF103.elf.dir/devices/system_gd32vf103.c.obj
 .rodata.rcu_osci_stab_wait
                0x0000000008007348       0x74 libdrvlib_gd32vf103.a(gd32vf103_rcu.c.obj)
 .rodata        0x00000000080073bc       0x10 libdrvlib_gd32vf103.a(gd32vf103_rcu.c.obj)
 *(.text.unlikely .text.unlikely.*)
 *(.text.startup .text.startup.*)
 .text.startup.main
                0x00000000080073cc      0x120 CMakeFiles/LED_GD32VF103.elf.dir/src/main.c.obj
                0x00000000080073cc                main
 *(.text .text.*)
 .text          0x00000000080074ec        0x0 CMakeFiles/LED_GD32VF103.elf.dir/LCD_common/exmc_lcd.c.obj
 .text.exmc_lcd_init
                0x00000000080074ec       0xbe CMakeFiles/LED_GD32VF103.elf.dir/LCD_common/exmc_lcd.c.obj
                0x00000000080074ec                exmc_lcd_init
 .text          0x00000000080075aa        0x0 CMakeFiles/LED_GD32VF103.elf.dir/LCD_common/ili9320.c.obj
 .text.lcd_register_write
                0x00000000080075aa       0x12 CMakeFiles/LED_GD32VF103.elf.dir/LCD_common/ili9320.c.obj
                0x00000000080075aa                lcd_register_write
 .text.lcd_register_read
                0x00000000080075bc       0x12 CMakeFiles/LED_GD32VF103.elf.dir/LCD_common/ili9320.c.obj
                0x00000000080075bc                lcd_register_read
 .text.lcd_command_write
                0x00000000080075ce        0xa CMakeFiles/LED_GD32VF103.elf.dir/LCD_common/ili9320.c.obj
                0x00000000080075ce                lcd_command_write
 .text.lcd_gram_write_prepare
                0x00000000080075d8        0xe CMakeFiles/LED_GD32VF103.elf.dir/LCD_common/ili9320.c.obj
                0x00000000080075d8                lcd_gram_write_prepare
 .text.lcd_gram_write
                0x00000000080075e6        0xa CMakeFiles/LED_GD32VF103.elf.dir/LCD_common/ili9320.c.obj
                0x00000000080075e6                lcd_gram_write
 .text.lcd_gram_read
                0x00000000080075f0       0x1a CMakeFiles/LED_GD32VF103.elf.dir/LCD_common/ili9320.c.obj
                0x00000000080075f0                lcd_gram_read
 .text.lcd_init
                0x000000000800760a      0x4fa CMakeFiles/LED_GD32VF103.elf.dir/LCD_common/ili9320.c.obj
                0x000000000800760a                lcd_init
 .text.lcd_cursor_set
                0x0000000008007b04       0x22 CMakeFiles/LED_GD32VF103.elf.dir/LCD_common/ili9320.c.obj
                0x0000000008007b04                lcd_cursor_set
 .text.lcd_clear
                0x0000000008007b26       0x98 CMakeFiles/LED_GD32VF103.elf.dir/LCD_common/ili9320.c.obj
                0x0000000008007b26                lcd_clear
 .text.lcd_point_set
                0x0000000008007bbe       0x78 CMakeFiles/LED_GD32VF103.elf.dir/LCD_common/ili9320.c.obj
                0x0000000008007bbe                lcd_point_set
 .text.lcd_point_get
                0x0000000008007c36       0x4e CMakeFiles/LED_GD32VF103.elf.dir/LCD_common/ili9320.c.obj
                0x0000000008007c36                lcd_point_get
 .text.lcd_windows_set
                0x0000000008007c84       0x52 CMakeFiles/LED_GD32VF103.elf.dir/LCD_common/ili9320.c.obj
                0x0000000008007c84                lcd_windows_set
 .text.lcd_hline_draw
                0x0000000008007cd6      0x100 CMakeFiles/LED_GD32VF103.elf.dir/LCD_common/ili9320.c.obj
                0x0000000008007cd6                lcd_hline_draw
 .text.lcd_vline_draw
                0x0000000008007dd6      0x106 CMakeFiles/LED_GD32VF103.elf.dir/LCD_common/ili9320.c.obj
                0x0000000008007dd6                lcd_vline_draw
 .text.lcd_rectangle_draw
                0x0000000008007edc       0xc4 CMakeFiles/LED_GD32VF103.elf.dir/LCD_common/ili9320.c.obj
                0x0000000008007edc                lcd_rectangle_draw
 .text.lcd_rectangle_fill
                0x0000000008007fa0       0xf6 CMakeFiles/LED_GD32VF103.elf.dir/LCD_common/ili9320.c.obj
                0x0000000008007fa0                lcd_rectangle_fill
 .text.lcd_picture_draw
                0x0000000008008096       0xd8 CMakeFiles/LED_GD32VF103.elf.dir/LCD_common/ili9320.c.obj
                0x0000000008008096                lcd_picture_draw
 .text.lcd_char_display
                0x000000000800816e      0x192 CMakeFiles/LED_GD32VF103.elf.dir/LCD_common/ili9320.c.obj
                0x000000000800816e                lcd_char_display
 .text          0x0000000008008300        0x0 CMakeFiles/LED_GD32VF103.elf.dir/LCD_common/picture.c.obj
 .text          0x0000000008008300        0x0 CMakeFiles/LED_GD32VF103.elf.dir/LCD_common/touch_panel.c.obj
 .text.touch_panel_gpio_configure
                0x0000000008008300       0x7c CMakeFiles/LED_GD32VF103.elf.dir/LCD_common/touch_panel.c.obj
                0x0000000008008300                touch_panel_gpio_configure
 .text.touch_start
                0x000000000800837c       0x50 CMakeFiles/LED_GD32VF103.elf.dir/LCD_common/touch_panel.c.obj
                0x000000000800837c                touch_start
 .text.touch_write
                0x00000000080083cc       0x76 CMakeFiles/LED_GD32VF103.elf.dir/LCD_common/touch_panel.c.obj
                0x00000000080083cc                touch_write
 .text.touch_read
                0x0000000008008442       0x5c CMakeFiles/LED_GD32VF103.elf.dir/LCD_common/touch_panel.c.obj
                0x0000000008008442                touch_read
 .text.touch_pen_irq
                0x000000000800849e       0x10 CMakeFiles/LED_GD32VF103.elf.dir/LCD_common/touch_panel.c.obj
                0x000000000800849e                touch_pen_irq
 .text.touch_ad_x_get
                0x00000000080084ae       0x76 CMakeFiles/LED_GD32VF103.elf.dir/LCD_common/touch_panel.c.obj
                0x00000000080084ae                touch_ad_x_get
 .text.touch_ad_y_get
                0x0000000008008524       0x76 CMakeFiles/LED_GD32VF103.elf.dir/LCD_common/touch_panel.c.obj
                0x0000000008008524                touch_ad_y_get
 .text.touch_average_ad_x_get
                0x000000000800859a       0x8a CMakeFiles/LED_GD32VF103.elf.dir/LCD_common/touch_panel.c.obj
                0x000000000800859a                touch_average_ad_x_get
 .text.touch_average_ad_y_get
                0x0000000008008624       0x8a CMakeFiles/LED_GD32VF103.elf.dir/LCD_common/touch_panel.c.obj
                0x0000000008008624                touch_average_ad_y_get
 .text.touch_coordinate_x_get
                0x00000000080086ae       0x2c CMakeFiles/LED_GD32VF103.elf.dir/LCD_common/touch_panel.c.obj
                0x00000000080086ae                touch_coordinate_x_get
 .text.touch_coordinate_y_get
                0x00000000080086da       0x2c CMakeFiles/LED_GD32VF103.elf.dir/LCD_common/touch_panel.c.obj
                0x00000000080086da                touch_coordinate_y_get
 .text.touch_data_filter
                0x0000000008008706      0x13c CMakeFiles/LED_GD32VF103.elf.dir/LCD_common/touch_panel.c.obj
                0x0000000008008706                touch_data_filter
 .text.touch_ad_xy_get
                0x0000000008008842       0x8a CMakeFiles/LED_GD32VF103.elf.dir/LCD_common/touch_panel.c.obj
                0x0000000008008842                touch_ad_xy_get
 .text.touch_scan
                0x00000000080088cc       0x82 CMakeFiles/LED_GD32VF103.elf.dir/LCD_common/touch_panel.c.obj
                0x00000000080088cc                touch_scan
 .text          0x000000000800894e        0x0 CMakeFiles/LED_GD32VF103.elf.dir/RISCV/drivers/n200_func.c.obj
 .text.pmp_open_all_space
                0x000000000800894e       0x12 CMakeFiles/LED_GD32VF103.elf.dir/RISCV/drivers/n200_func.c.obj
                0x000000000800894e                pmp_open_all_space
 .text.switch_m2u_mode
                0x0000000008008960       0x1c CMakeFiles/LED_GD32VF103.elf.dir/RISCV/drivers/n200_func.c.obj
                0x0000000008008960                switch_m2u_mode
 .text.mtime_lo
                0x000000000800897c        0x8 CMakeFiles/LED_GD32VF103.elf.dir/RISCV/drivers/n200_func.c.obj
                0x000000000800897c                mtime_lo
 .text.mtime_hi
                0x0000000008008984        0x8 CMakeFiles/LED_GD32VF103.elf.dir/RISCV/drivers/n200_func.c.obj
                0x0000000008008984                mtime_hi
 .text.get_timer_value
                0x000000000800898c       0x10 CMakeFiles/LED_GD32VF103.elf.dir/RISCV/drivers/n200_func.c.obj
                0x000000000800898c                get_timer_value
 .text.get_timer_freq
                0x000000000800899c        0xc CMakeFiles/LED_GD32VF103.elf.dir/RISCV/drivers/n200_func.c.obj
                0x000000000800899c                get_timer_freq
 .text.get_instret_value
                0x00000000080089a8       0x12 CMakeFiles/LED_GD32VF103.elf.dir/RISCV/drivers/n200_func.c.obj
                0x00000000080089a8                get_instret_value
 .text.get_cycle_value
                0x00000000080089ba       0x12 CMakeFiles/LED_GD32VF103.elf.dir/RISCV/drivers/n200_func.c.obj
                0x00000000080089ba                get_cycle_value
 .text.measure_cpu_freq
                0x00000000080089cc       0x44 CMakeFiles/LED_GD32VF103.elf.dir/RISCV/drivers/n200_func.c.obj
                0x00000000080089cc                measure_cpu_freq
 .text.get_cpu_freq
                0x0000000008008a10       0x12 CMakeFiles/LED_GD32VF103.elf.dir/RISCV/drivers/n200_func.c.obj
                0x0000000008008a10                get_cpu_freq
 .text.eclic_init
                0x0000000008008a22       0x24 CMakeFiles/LED_GD32VF103.elf.dir/RISCV/drivers/n200_func.c.obj
                0x0000000008008a22                eclic_init
 .text.eclic_enable_interrupt
                0x0000000008008a46       0x12 CMakeFiles/LED_GD32VF103.elf.dir/RISCV/drivers/n200_func.c.obj
                0x0000000008008a46                eclic_enable_interrupt
 .text.eclic_disable_interrupt
                0x0000000008008a58       0x10 CMakeFiles/LED_GD32VF103.elf.dir/RISCV/drivers/n200_func.c.obj
                0x0000000008008a58                eclic_disable_interrupt
 .text.eclic_set_pending
                0x0000000008008a68       0x14 CMakeFiles/LED_GD32VF103.elf.dir/RISCV/drivers/n200_func.c.obj
                0x0000000008008a68                eclic_set_pending
 .text.eclic_clear_pending
                0x0000000008008a7c       0x12 CMakeFiles/LED_GD32VF103.elf.dir/RISCV/drivers/n200_func.c.obj
                0x0000000008008a7c                eclic_clear_pending
 .text.eclic_set_intctrl
                0x0000000008008a8e       0x10 CMakeFiles/LED_GD32VF103.elf.dir/RISCV/drivers/n200_func.c.obj
                0x0000000008008a8e                eclic_set_intctrl
 .text.eclic_get_intctrl
                0x0000000008008a9e       0x10 CMakeFiles/LED_GD32VF103.elf.dir/RISCV/drivers/n200_func.c.obj
                0x0000000008008a9e                eclic_get_intctrl
 .text.eclic_set_intattr
                0x0000000008008aae       0x10 CMakeFiles/LED_GD32VF103.elf.dir/RISCV/drivers/n200_func.c.obj
                0x0000000008008aae                eclic_set_intattr
 .text.eclic_get_intattr
                0x0000000008008abe       0x10 CMakeFiles/LED_GD32VF103.elf.dir/RISCV/drivers/n200_func.c.obj
                0x0000000008008abe                eclic_get_intattr
 .text.eclic_set_cliccfg
                0x0000000008008ace        0xa CMakeFiles/LED_GD32VF103.elf.dir/RISCV/drivers/n200_func.c.obj
                0x0000000008008ace                eclic_set_cliccfg
 .text.eclic_get_cliccfg
                0x0000000008008ad8        0xa CMakeFiles/LED_GD32VF103.elf.dir/RISCV/drivers/n200_func.c.obj
                0x0000000008008ad8                eclic_get_cliccfg
 .text.eclic_set_mth
                0x0000000008008ae2        0xa CMakeFiles/LED_GD32VF103.elf.dir/RISCV/drivers/n200_func.c.obj
                0x0000000008008ae2                eclic_set_mth
 .text.eclic_get_mth
                0x0000000008008aec        0xa CMakeFiles/LED_GD32VF103.elf.dir/RISCV/drivers/n200_func.c.obj
                0x0000000008008aec                eclic_get_mth
 .text.eclic_set_nlbits
                0x0000000008008af6       0x18 CMakeFiles/LED_GD32VF103.elf.dir/RISCV/drivers/n200_func.c.obj
                0x0000000008008af6                eclic_set_nlbits
 .text.eclic_get_nlbits
                0x0000000008008b0e        0xe CMakeFiles/LED_GD32VF103.elf.dir/RISCV/drivers/n200_func.c.obj
                0x0000000008008b0e                eclic_get_nlbits
 .text.eclic_set_irq_lvl
                0x0000000008008b1c       0x4c CMakeFiles/LED_GD32VF103.elf.dir/RISCV/drivers/n200_func.c.obj
                0x0000000008008b1c                eclic_set_irq_lvl
 .text.eclic_get_irq_lvl
                0x0000000008008b68       0x3c CMakeFiles/LED_GD32VF103.elf.dir/RISCV/drivers/n200_func.c.obj
                0x0000000008008b68                eclic_get_irq_lvl
 .text.eclic_set_irq_lvl_abs
                0x0000000008008ba4       0x48 CMakeFiles/LED_GD32VF103.elf.dir/RISCV/drivers/n200_func.c.obj
                0x0000000008008ba4                eclic_set_irq_lvl_abs
 .text.eclic_get_irq_lvl_abs
                0x0000000008008bec       0x38 CMakeFiles/LED_GD32VF103.elf.dir/RISCV/drivers/n200_func.c.obj
                0x0000000008008bec                eclic_get_irq_lvl_abs
 .text.eclic_set_irq_priority
                0x0000000008008c24       0x44 CMakeFiles/LED_GD32VF103.elf.dir/RISCV/drivers/n200_func.c.obj
                0x0000000008008c24                eclic_set_irq_priority
 .text.eclic_get_irq_priority
                0x0000000008008c68       0x40 CMakeFiles/LED_GD32VF103.elf.dir/RISCV/drivers/n200_func.c.obj
                0x0000000008008c68                eclic_get_irq_priority
 .text.eclic_mode_enable
                0x0000000008008ca8       0x12 CMakeFiles/LED_GD32VF103.elf.dir/RISCV/drivers/n200_func.c.obj
                0x0000000008008ca8                eclic_mode_enable
 .text.eclic_set_vmode
                0x0000000008008cba       0x18 CMakeFiles/LED_GD32VF103.elf.dir/RISCV/drivers/n200_func.c.obj
                0x0000000008008cba                eclic_set_vmode
 .text.eclic_set_nonvmode
                0x0000000008008cd2       0x18 CMakeFiles/LED_GD32VF103.elf.dir/RISCV/drivers/n200_func.c.obj
                0x0000000008008cd2                eclic_set_nonvmode
 .text.eclic_set_level_trig
                0x0000000008008cea       0x18 CMakeFiles/LED_GD32VF103.elf.dir/RISCV/drivers/n200_func.c.obj
                0x0000000008008cea                eclic_set_level_trig
 .text.eclic_set_posedge_trig
                0x0000000008008d02       0x1c CMakeFiles/LED_GD32VF103.elf.dir/RISCV/drivers/n200_func.c.obj
                0x0000000008008d02                eclic_set_posedge_trig
 .text.eclic_set_negedge_trig
                0x0000000008008d1e       0x18 CMakeFiles/LED_GD32VF103.elf.dir/RISCV/drivers/n200_func.c.obj
                0x0000000008008d1e                eclic_set_negedge_trig
 .text          0x0000000008008d36        0x0 CMakeFiles/LED_GD32VF103.elf.dir/devices/startup/entry.S.obj
 *fill*         0x0000000008008d36        0xa 
 .text.trap     0x0000000008008d40       0x7c CMakeFiles/LED_GD32VF103.elf.dir/devices/startup/entry.S.obj
                0x0000000008008d40                trap_entry
 *fill*         0x0000000008008dbc        0x0 
 .text.irq      0x0000000008008dbc       0x72 CMakeFiles/LED_GD32VF103.elf.dir/devices/startup/entry.S.obj
                0x0000000008008dbc                irq_entry
 .text          0x0000000008008e2e        0x0 CMakeFiles/LED_GD32VF103.elf.dir/devices/startup/handlers.c.obj
 .text.handle_nmi
                0x0000000008008e2e       0x1a CMakeFiles/LED_GD32VF103.elf.dir/devices/startup/handlers.c.obj
                0x0000000008008e2e                handle_nmi
 .text.handle_trap
                0x0000000008008e48       0x2c CMakeFiles/LED_GD32VF103.elf.dir/devices/startup/handlers.c.obj
                0x0000000008008e48                handle_trap
 .text          0x0000000008008e74        0x0 CMakeFiles/LED_GD32VF103.elf.dir/devices/startup/init.c.obj
 .text._init    0x0000000008008e74       0x16 CMakeFiles/LED_GD32VF103.elf.dir/devices/startup/init.c.obj
                0x0000000008008e74                _init
 .text._fini    0x0000000008008e8a        0x2 CMakeFiles/LED_GD32VF103.elf.dir/devices/startup/init.c.obj
                0x0000000008008e8a                _fini
 .text          0x0000000008008e8c        0x0 CMakeFiles/LED_GD32VF103.elf.dir/devices/startup/start.S.obj
 .text          0x0000000008008e8c        0x0 CMakeFiles/LED_GD32VF103.elf.dir/devices/system_gd32vf103.c.obj
 .text.SystemInit
                0x0000000008008e8c      0x17c CMakeFiles/LED_GD32VF103.elf.dir/devices/system_gd32vf103.c.obj
                0x0000000008008e8c                SystemInit
 .text.SystemCoreClockUpdate
                0x0000000008009008      0x108 CMakeFiles/LED_GD32VF103.elf.dir/devices/system_gd32vf103.c.obj
                0x0000000008009008                SystemCoreClockUpdate
 .text          0x0000000008009110        0x0 CMakeFiles/LED_GD32VF103.elf.dir/src/main.c.obj
 .text          0x0000000008009110        0x0 CMakeFiles/LED_GD32VF103.elf.dir/src/systick.c.obj
 .text.delay_1ms
                0x0000000008009110       0x64 CMakeFiles/LED_GD32VF103.elf.dir/src/systick.c.obj
                0x0000000008009110                delay_1ms
 .text          0x0000000008009174        0x0 libdrvlib_gd32vf103.a(gd32vf103_exmc.c.obj)
 .text.exmc_norsram_deinit
                0x0000000008009174       0x22 libdrvlib_gd32vf103.a(gd32vf103_exmc.c.obj)
                0x0000000008009174                exmc_norsram_deinit
 .text.exmc_norsram_struct_para_init
                0x0000000008009196       0x2e libdrvlib_gd32vf103.a(gd32vf103_exmc.c.obj)
                0x0000000008009196                exmc_norsram_struct_para_init
 .text.exmc_norsram_init
                0x00000000080091c4       0xaa libdrvlib_gd32vf103.a(gd32vf103_exmc.c.obj)
                0x00000000080091c4                exmc_norsram_init
 .text.exmc_norsram_enable
                0x000000000800926e       0x12 libdrvlib_gd32vf103.a(gd32vf103_exmc.c.obj)
                0x000000000800926e                exmc_norsram_enable
 .text.exmc_norsram_disable
                0x0000000008009280       0x10 libdrvlib_gd32vf103.a(gd32vf103_exmc.c.obj)
                0x0000000008009280                exmc_norsram_disable
 .text          0x0000000008009290        0x0 libdrvlib_gd32vf103.a(gd32vf103_gpio.c.obj)
 .text.gpio_deinit
                0x0000000008009290       0x8a libdrvlib_gd32vf103.a(gd32vf103_gpio.c.obj)
                0x0000000008009290                gpio_deinit
 .text.gpio_afio_deinit
                0x000000000800931a       0x14 libdrvlib_gd32vf103.a(gd32vf103_gpio.c.obj)
                0x000000000800931a                gpio_afio_deinit
 .text.gpio_init
                0x000000000800932e       0xa8 libdrvlib_gd32vf103.a(gd32vf103_gpio.c.obj)
                0x000000000800932e                gpio_init
 .text.gpio_bit_set
                0x00000000080093d6        0x4 libdrvlib_gd32vf103.a(gd32vf103_gpio.c.obj)
                0x00000000080093d6                gpio_bit_set
 .text.gpio_bit_reset
                0x00000000080093da        0x4 libdrvlib_gd32vf103.a(gd32vf103_gpio.c.obj)
                0x00000000080093da                gpio_bit_reset
 .text.gpio_bit_write
                0x00000000080093de        0xa libdrvlib_gd32vf103.a(gd32vf103_gpio.c.obj)
                0x00000000080093de                gpio_bit_write
 .text.gpio_port_write
                0x00000000080093e8        0x4 libdrvlib_gd32vf103.a(gd32vf103_gpio.c.obj)
                0x00000000080093e8                gpio_port_write
 .text.gpio_input_bit_get
                0x00000000080093ec        0xa libdrvlib_gd32vf103.a(gd32vf103_gpio.c.obj)
                0x00000000080093ec                gpio_input_bit_get
 .text.gpio_input_port_get
                0x00000000080093f6        0x8 libdrvlib_gd32vf103.a(gd32vf103_gpio.c.obj)
                0x00000000080093f6                gpio_input_port_get
 .text.gpio_output_bit_get
                0x00000000080093fe        0xa libdrvlib_gd32vf103.a(gd32vf103_gpio.c.obj)
                0x00000000080093fe                gpio_output_bit_get
 .text.gpio_output_port_get
                0x0000000008009408        0x8 libdrvlib_gd32vf103.a(gd32vf103_gpio.c.obj)
                0x0000000008009408                gpio_output_port_get
 .text.gpio_pin_remap_config
                0x0000000008009410       0x9e libdrvlib_gd32vf103.a(gd32vf103_gpio.c.obj)
                0x0000000008009410                gpio_pin_remap_config
 .text.gpio_exti_source_select
                0x00000000080094ae       0x6e libdrvlib_gd32vf103.a(gd32vf103_gpio.c.obj)
                0x00000000080094ae                gpio_exti_source_select
 .text.gpio_event_output_config
                0x000000000800951c       0x14 libdrvlib_gd32vf103.a(gd32vf103_gpio.c.obj)
                0x000000000800951c                gpio_event_output_config
 .text.gpio_event_output_enable
                0x0000000008009530        0xe libdrvlib_gd32vf103.a(gd32vf103_gpio.c.obj)
                0x0000000008009530                gpio_event_output_enable
 .text.gpio_event_output_disable
                0x000000000800953e        0xe libdrvlib_gd32vf103.a(gd32vf103_gpio.c.obj)
                0x000000000800953e                gpio_event_output_disable
 .text.gpio_pin_lock
                0x000000000800954c       0x10 libdrvlib_gd32vf103.a(gd32vf103_gpio.c.obj)
                0x000000000800954c                gpio_pin_lock
 .text          0x000000000800955c        0x0 libdrvlib_gd32vf103.a(gd32vf103_rcu.c.obj)
 .text.rcu_deinit
                0x000000000800955c       0x68 libdrvlib_gd32vf103.a(gd32vf103_rcu.c.obj)
                0x000000000800955c                rcu_deinit
 .text.rcu_periph_clock_enable
                0x00000000080095c4       0x18 libdrvlib_gd32vf103.a(gd32vf103_rcu.c.obj)
                0x00000000080095c4                rcu_periph_clock_enable
 .text.rcu_periph_clock_disable
                0x00000000080095dc       0x1c libdrvlib_gd32vf103.a(gd32vf103_rcu.c.obj)
                0x00000000080095dc                rcu_periph_clock_disable
 .text.rcu_periph_clock_sleep_enable
                0x00000000080095f8       0x18 libdrvlib_gd32vf103.a(gd32vf103_rcu.c.obj)
                0x00000000080095f8                rcu_periph_clock_sleep_enable
 .text.rcu_periph_clock_sleep_disable
                0x0000000008009610       0x1c libdrvlib_gd32vf103.a(gd32vf103_rcu.c.obj)
                0x0000000008009610                rcu_periph_clock_sleep_disable
 .text.rcu_periph_reset_enable
                0x000000000800962c       0x18 libdrvlib_gd32vf103.a(gd32vf103_rcu.c.obj)
                0x000000000800962c                rcu_periph_reset_enable
 .text.rcu_periph_reset_disable
                0x0000000008009644       0x1c libdrvlib_gd32vf103.a(gd32vf103_rcu.c.obj)
                0x0000000008009644                rcu_periph_reset_disable
 .text.rcu_bkp_reset_enable
                0x0000000008009660        0xe libdrvlib_gd32vf103.a(gd32vf103_rcu.c.obj)
                0x0000000008009660                rcu_bkp_reset_enable
 .text.rcu_bkp_reset_disable
                0x000000000800966e       0x10 libdrvlib_gd32vf103.a(gd32vf103_rcu.c.obj)
                0x000000000800966e                rcu_bkp_reset_disable
 .text.rcu_system_clock_source_config
                0x000000000800967e        0xe libdrvlib_gd32vf103.a(gd32vf103_rcu.c.obj)
                0x000000000800967e                rcu_system_clock_source_config
 .text.rcu_system_clock_source_get
                0x000000000800968c        0xa libdrvlib_gd32vf103.a(gd32vf103_rcu.c.obj)
                0x000000000800968c                rcu_system_clock_source_get
 .text.rcu_ahb_clock_config
                0x0000000008009696       0x10 libdrvlib_gd32vf103.a(gd32vf103_rcu.c.obj)
                0x0000000008009696                rcu_ahb_clock_config
 .text.rcu_apb1_clock_config
                0x00000000080096a6       0x10 libdrvlib_gd32vf103.a(gd32vf103_rcu.c.obj)
                0x00000000080096a6                rcu_apb1_clock_config
 .text.rcu_apb2_clock_config
                0x00000000080096b6       0x14 libdrvlib_gd32vf103.a(gd32vf103_rcu.c.obj)
                0x00000000080096b6                rcu_apb2_clock_config
 .text.rcu_ckout0_config
                0x00000000080096ca       0x14 libdrvlib_gd32vf103.a(gd32vf103_rcu.c.obj)
                0x00000000080096ca                rcu_ckout0_config
 .text.rcu_pll_config
                0x00000000080096de       0x16 libdrvlib_gd32vf103.a(gd32vf103_rcu.c.obj)
                0x00000000080096de                rcu_pll_config
 .text.rcu_predv0_config
                0x00000000080096f4       0x14 libdrvlib_gd32vf103.a(gd32vf103_rcu.c.obj)
                0x00000000080096f4                rcu_predv0_config
 .text.rcu_predv1_config
                0x0000000008009708       0x10 libdrvlib_gd32vf103.a(gd32vf103_rcu.c.obj)
                0x0000000008009708                rcu_predv1_config
 .text.rcu_pll1_config
                0x0000000008009718       0x18 libdrvlib_gd32vf103.a(gd32vf103_rcu.c.obj)
                0x0000000008009718                rcu_pll1_config
 .text.rcu_pll2_config
                0x0000000008009730       0x16 libdrvlib_gd32vf103.a(gd32vf103_rcu.c.obj)
                0x0000000008009730                rcu_pll2_config
 .text.rcu_adc_clock_config
                0x0000000008009746       0x46 libdrvlib_gd32vf103.a(gd32vf103_rcu.c.obj)
                0x0000000008009746                rcu_adc_clock_config
 .text.rcu_usb_clock_config
                0x000000000800978c       0x14 libdrvlib_gd32vf103.a(gd32vf103_rcu.c.obj)
                0x000000000800978c                rcu_usb_clock_config
 .text.rcu_rtc_clock_config
                0x00000000080097a0       0x10 libdrvlib_gd32vf103.a(gd32vf103_rcu.c.obj)
                0x00000000080097a0                rcu_rtc_clock_config
 .text.rcu_i2s1_clock_config
                0x00000000080097b0       0x12 libdrvlib_gd32vf103.a(gd32vf103_rcu.c.obj)
                0x00000000080097b0                rcu_i2s1_clock_config
 .text.rcu_i2s2_clock_config
                0x00000000080097c2       0x14 libdrvlib_gd32vf103.a(gd32vf103_rcu.c.obj)
                0x00000000080097c2                rcu_i2s2_clock_config
 .text.rcu_flag_get
                0x00000000080097d6       0x14 libdrvlib_gd32vf103.a(gd32vf103_rcu.c.obj)
                0x00000000080097d6                rcu_flag_get
 .text.rcu_all_reset_flag_clear
                0x00000000080097ea       0x10 libdrvlib_gd32vf103.a(gd32vf103_rcu.c.obj)
                0x00000000080097ea                rcu_all_reset_flag_clear
 .text.rcu_interrupt_flag_get
                0x00000000080097fa       0x14 libdrvlib_gd32vf103.a(gd32vf103_rcu.c.obj)
                0x00000000080097fa                rcu_interrupt_flag_get
 .text.rcu_interrupt_flag_clear
                0x000000000800980e       0x18 libdrvlib_gd32vf103.a(gd32vf103_rcu.c.obj)
                0x000000000800980e                rcu_interrupt_flag_clear
 .text.rcu_interrupt_enable
                0x0000000008009826       0x18 libdrvlib_gd32vf103.a(gd32vf103_rcu.c.obj)
                0x0000000008009826                rcu_interrupt_enable
 .text.rcu_interrupt_disable
                0x000000000800983e       0x1c libdrvlib_gd32vf103.a(gd32vf103_rcu.c.obj)
                0x000000000800983e                rcu_interrupt_disable
 .text.rcu_osci_stab_wait
                0x000000000800985a      0x124 libdrvlib_gd32vf103.a(gd32vf103_rcu.c.obj)
                0x000000000800985a                rcu_osci_stab_wait
 .text.rcu_osci_on
                0x000000000800997e       0x18 libdrvlib_gd32vf103.a(gd32vf103_rcu.c.obj)
                0x000000000800997e                rcu_osci_on
 .text.rcu_osci_off
                0x0000000008009996       0x1c libdrvlib_gd32vf103.a(gd32vf103_rcu.c.obj)
                0x0000000008009996                rcu_osci_off
 .text.rcu_osci_bypass_mode_enable
                0x00000000080099b2       0x3c libdrvlib_gd32vf103.a(gd32vf103_rcu.c.obj)
                0x00000000080099b2                rcu_osci_bypass_mode_enable
 .text.rcu_osci_bypass_mode_disable
                0x00000000080099ee       0x3c libdrvlib_gd32vf103.a(gd32vf103_rcu.c.obj)
                0x00000000080099ee                rcu_osci_bypass_mode_disable
 .text.rcu_hxtal_clock_monitor_enable
                0x0000000008009a2a       0x10 libdrvlib_gd32vf103.a(gd32vf103_rcu.c.obj)
                0x0000000008009a2a                rcu_hxtal_clock_monitor_enable
 .text.rcu_hxtal_clock_monitor_disable
                0x0000000008009a3a       0x12 libdrvlib_gd32vf103.a(gd32vf103_rcu.c.obj)
                0x0000000008009a3a                rcu_hxtal_clock_monitor_disable
 .text.rcu_irc8m_adjust_value_set
                0x0000000008009a4c       0x16 libdrvlib_gd32vf103.a(gd32vf103_rcu.c.obj)
                0x0000000008009a4c                rcu_irc8m_adjust_value_set
 .text.rcu_deepsleep_voltage_set
                0x0000000008009a62        0xa libdrvlib_gd32vf103.a(gd32vf103_rcu.c.obj)
                0x0000000008009a62                rcu_deepsleep_voltage_set
 .text.rcu_clock_freq_get
                0x0000000008009a6c      0x14e libdrvlib_gd32vf103.a(gd32vf103_rcu.c.obj)
                0x0000000008009a6c                rcu_clock_freq_get
 .text          0x0000000008009bba        0x0 /home/fab/sharefile/tools/riscv-none-elf-gcc/xpack-riscv-none-elf-gcc-12.2.0-1/bin/../lib/gcc/riscv-none-elf/12.2.0/../../../../riscv-none-elf/lib/libg_nano.a(lib_a-atexit.o)
 .text.atexit   0x0000000008009bba        0xa /home/fab/sharefile/tools/riscv-none-elf-gcc/xpack-riscv-none-elf-gcc-12.2.0-1/bin/../lib/gcc/riscv-none-elf/12.2.0/../../../../riscv-none-elf/lib/libg_nano.a(lib_a-atexit.o)
                0x0000000008009bba                atexit
 .text          0x0000000008009bc4        0x0 /home/fab/sharefile/tools/riscv-none-elf-gcc/xpack-riscv-none-elf-gcc-12.2.0-1/bin/../lib/gcc/riscv-none-elf/12.2.0/../../../../riscv-none-elf/lib/libg_nano.a(lib_a-exit.o)
 .text.exit     0x0000000008009bc4       0x24 /home/fab/sharefile/tools/riscv-none-elf-gcc/xpack-riscv-none-elf-gcc-12.2.0-1/bin/../lib/gcc/riscv-none-elf/12.2.0/../../../../riscv-none-elf/lib/libg_nano.a(lib_a-exit.o)
                0x0000000008009bc4                exit
 .text          0x0000000008009be8        0x0 /home/fab/sharefile/tools/riscv-none-elf-gcc/xpack-riscv-none-elf-gcc-12.2.0-1/bin/../lib/gcc/riscv-none-elf/12.2.0/../../../../riscv-none-elf/lib/libg_nano.a(lib_a-fini.o)
 .text.__libc_fini_array
                0x0000000008009be8       0x36 /home/fab/sharefile/tools/riscv-none-elf-gcc/xpack-riscv-none-elf-gcc-12.2.0-1/bin/../lib/gcc/riscv-none-elf/12.2.0/../../../../riscv-none-elf/lib/libg_nano.a(lib_a-fini.o)
                0x0000000008009be8                __libc_fini_array
 .text          0x0000000008009c1e        0x0 /home/fab/sharefile/tools/riscv-none-elf-gcc/xpack-riscv-none-elf-gcc-12.2.0-1/bin/../lib/gcc/riscv-none-elf/12.2.0/../../../../riscv-none-elf/lib/libg_nano.a(lib_a-impure.o)
 .text          0x0000000008009c1e        0x0 /home/fab/sharefile/tools/riscv-none-elf-gcc/xpack-riscv-none-elf-gcc-12.2.0-1/bin/../lib/gcc/riscv-none-elf/12.2.0/../../../../riscv-none-elf/lib/libg_nano.a(lib_a-init.o)
 .text.__libc_init_array
                0x0000000008009c1e       0x5e /home/fab/sharefile/tools/riscv-none-elf-gcc/xpack-riscv-none-elf-gcc-12.2.0-1/bin/../lib/gcc/riscv-none-elf/12.2.0/../../../../riscv-none-elf/lib/libg_nano.a(lib_a-init.o)
                0x0000000008009c1e                __libc_init_array
 .text          0x0000000008009c7c        0x0 /home/fab/sharefile/tools/riscv-none-elf-gcc/xpack-riscv-none-elf-gcc-12.2.0-1/bin/../lib/gcc/riscv-none-elf/12.2.0/../../../../riscv-none-elf/lib/libg_nano.a(lib_a-syswrite.o)
 .text.write    0x0000000008009c7c       0x10 /home/fab/sharefile/tools/riscv-none-elf-gcc/xpack-riscv-none-elf-gcc-12.2.0-1/bin/../lib/gcc/riscv-none-elf/12.2.0/../../../../riscv-none-elf/lib/libg_nano.a(lib_a-syswrite.o)
                0x0000000008009c7c                write
 .text          0x0000000008009c8c        0x0 /home/fab/sharefile/tools/riscv-none-elf-gcc/xpack-riscv-none-elf-gcc-12.2.0-1/bin/../lib/gcc/riscv-none-elf/12.2.0/../../../../riscv-none-elf/lib/libg_nano.a(lib_a-writer.o)
 .text._write_r
                0x0000000008009c8c       0x2a /home/fab/sharefile/tools/riscv-none-elf-gcc/xpack-riscv-none-elf-gcc-12.2.0-1/bin/../lib/gcc/riscv-none-elf/12.2.0/../../../../riscv-none-elf/lib/libg_nano.a(lib_a-writer.o)
                0x0000000008009c8c                _write_r
 .text          0x0000000008009cb6        0x0 /home/fab/sharefile/tools/riscv-none-elf-gcc/xpack-riscv-none-elf-gcc-12.2.0-1/bin/../lib/gcc/riscv-none-elf/12.2.0/../../../../riscv-none-elf/lib/libg_nano.a(lib_a-__atexit.o)
 .text.__register_exitproc
                0x0000000008009cb6       0xb4 /home/fab/sharefile/tools/riscv-none-elf-gcc/xpack-riscv-none-elf-gcc-12.2.0-1/bin/../lib/gcc/riscv-none-elf/12.2.0/../../../../riscv-none-elf/lib/libg_nano.a(lib_a-__atexit.o)
                0x0000000008009cb6                __register_exitproc
 .text          0x0000000008009d6a        0x0 /home/fab/sharefile/tools/riscv-none-elf-gcc/xpack-riscv-none-elf-gcc-12.2.0-1/bin/../lib/gcc/riscv-none-elf/12.2.0/../../../../riscv-none-elf/lib/libg_nano.a(lib_a-__call_atexit.o)
 .text.__call_exitprocs
                0x0000000008009d6a       0xda /home/fab/sharefile/tools/riscv-none-elf-gcc/xpack-riscv-none-elf-gcc-12.2.0-1/bin/../lib/gcc/riscv-none-elf/12.2.0/../../../../riscv-none-elf/lib/libg_nano.a(lib_a-__call_atexit.o)
                0x0000000008009d6a                __call_exitprocs
 .text          0x0000000008009e44        0x0 /home/fab/sharefile/tools/riscv-none-elf-gcc/xpack-riscv-none-elf-gcc-12.2.0-1/bin/../lib/gcc/riscv-none-elf/12.2.0/../../../../riscv-none-elf/lib/libg_nano.a(lib_a-lock.o)
 .text.__retarget_lock_init
                0x0000000008009e44        0x2 /home/fab/sharefile/tools/riscv-none-elf-gcc/xpack-riscv-none-elf-gcc-12.2.0-1/bin/../lib/gcc/riscv-none-elf/12.2.0/../../../../riscv-none-elf/lib/libg_nano.a(lib_a-lock.o)
                0x0000000008009e44                __retarget_lock_init
 .text.__retarget_lock_init_recursive
                0x0000000008009e46        0x2 /home/fab/sharefile/tools/riscv-none-elf-gcc/xpack-riscv-none-elf-gcc-12.2.0-1/bin/../lib/gcc/riscv-none-elf/12.2.0/../../../../riscv-none-elf/lib/libg_nano.a(lib_a-lock.o)
                0x0000000008009e46                __retarget_lock_init_recursive
 .text.__retarget_lock_close
                0x0000000008009e48        0x2 /home/fab/sharefile/tools/riscv-none-elf-gcc/xpack-riscv-none-elf-gcc-12.2.0-1/bin/../lib/gcc/riscv-none-elf/12.2.0/../../../../riscv-none-elf/lib/libg_nano.a(lib_a-lock.o)
                0x0000000008009e48                __retarget_lock_close
 .text.__retarget_lock_close_recursive
                0x0000000008009e4a        0x2 /home/fab/sharefile/tools/riscv-none-elf-gcc/xpack-riscv-none-elf-gcc-12.2.0-1/bin/../lib/gcc/riscv-none-elf/12.2.0/../../../../riscv-none-elf/lib/libg_nano.a(lib_a-lock.o)
                0x0000000008009e4a                __retarget_lock_close_recursive
 .text.__retarget_lock_acquire
                0x0000000008009e4c        0x2 /home/fab/sharefile/tools/riscv-none-elf-gcc/xpack-riscv-none-elf-gcc-12.2.0-1/bin/../lib/gcc/riscv-none-elf/12.2.0/../../../../riscv-none-elf/lib/libg_nano.a(lib_a-lock.o)
                0x0000000008009e4c                __retarget_lock_acquire
 .text.__retarget_lock_acquire_recursive
                0x0000000008009e4e        0x2 /home/fab/sharefile/tools/riscv-none-elf-gcc/xpack-riscv-none-elf-gcc-12.2.0-1/bin/../lib/gcc/riscv-none-elf/12.2.0/../../../../riscv-none-elf/lib/libg_nano.a(lib_a-lock.o)
                0x0000000008009e4e                __retarget_lock_acquire_recursive
 .text.__retarget_lock_try_acquire
                0x0000000008009e50        0x4 /home/fab/sharefile/tools/riscv-none-elf-gcc/xpack-riscv-none-elf-gcc-12.2.0-1/bin/../lib/gcc/riscv-none-elf/12.2.0/../../../../riscv-none-elf/lib/libg_nano.a(lib_a-lock.o)
                0x0000000008009e50                __retarget_lock_try_acquire
 .text.__retarget_lock_try_acquire_recursive
                0x0000000008009e54        0x4 /home/fab/sharefile/tools/riscv-none-elf-gcc/xpack-riscv-none-elf-gcc-12.2.0-1/bin/../lib/gcc/riscv-none-elf/12.2.0/../../../../riscv-none-elf/lib/libg_nano.a(lib_a-lock.o)
                0x0000000008009e54                __retarget_lock_try_acquire_recursive
 .text.__retarget_lock_release
                0x0000000008009e58        0x2 /home/fab/sharefile/tools/riscv-none-elf-gcc/xpack-riscv-none-elf-gcc-12.2.0-1/bin/../lib/gcc/riscv-none-elf/12.2.0/../../../../riscv-none-elf/lib/libg_nano.a(lib_a-lock.o)
                0x0000000008009e58                __retarget_lock_release
 .text.__retarget_lock_release_recursive
                0x0000000008009e5a        0x2 /home/fab/sharefile/tools/riscv-none-elf-gcc/xpack-riscv-none-elf-gcc-12.2.0-1/bin/../lib/gcc/riscv-none-elf/12.2.0/../../../../riscv-none-elf/lib/libg_nano.a(lib_a-lock.o)
                0x0000000008009e5a                __retarget_lock_release_recursive
 .text          0x0000000008009e5c        0x0 /home/fab/sharefile/tools/riscv-none-elf-gcc/xpack-riscv-none-elf-gcc-12.2.0-1/bin/../lib/gcc/riscv-none-elf/12.2.0/../../../../riscv-none-elf/lib/libg_nano.a(lib_a-reent.o)
 .text.cleanup_glue
                0x0000000008009e5c       0x20 /home/fab/sharefile/tools/riscv-none-elf-gcc/xpack-riscv-none-elf-gcc-12.2.0-1/bin/../lib/gcc/riscv-none-elf/12.2.0/../../../../riscv-none-elf/lib/libg_nano.a(lib_a-reent.o)
                0x0000000008009e5c                cleanup_glue
 .text._reclaim_reent
                0x0000000008009e7c       0xc4 /home/fab/sharefile/tools/riscv-none-elf-gcc/xpack-riscv-none-elf-gcc-12.2.0-1/bin/../lib/gcc/riscv-none-elf/12.2.0/../../../../riscv-none-elf/lib/libg_nano.a(lib_a-reent.o)
                0x0000000008009e7c                _reclaim_reent
 .text          0x0000000008009f40        0x0 /home/fab/sharefile/tools/riscv-none-elf-gcc/xpack-riscv-none-elf-gcc-12.2.0-1/bin/../lib/gcc/riscv-none-elf/12.2.0/../../../../riscv-none-elf/lib/libg_nano.a(lib_a-nano-freer.o)
 .text._free_r  0x0000000008009f40       0x9e /home/fab/sharefile/tools/riscv-none-elf-gcc/xpack-riscv-none-elf-gcc-12.2.0-1/bin/../lib/gcc/riscv-none-elf/12.2.0/../../../../riscv-none-elf/lib/libg_nano.a(lib_a-nano-freer.o)
                0x0000000008009f40                _free_r
 .text          0x0000000008009fde        0x0 /home/fab/sharefile/tools/riscv-none-elf-gcc/xpack-riscv-none-elf-gcc-12.2.0-1/bin/../lib/gcc/riscv-none-elf/12.2.0/../../../../riscv-none-elf/lib/libg_nano.a(lib_a-nano-mallocr.o)
 .text.sbrk_aligned
                0x0000000008009fde       0x54 /home/fab/sharefile/tools/riscv-none-elf-gcc/xpack-riscv-none-elf-gcc-12.2.0-1/bin/../lib/gcc/riscv-none-elf/12.2.0/../../../../riscv-none-elf/lib/libg_nano.a(lib_a-nano-mallocr.o)
 .text._malloc_r
                0x000000000800a032      0x108 /home/fab/sharefile/tools/riscv-none-elf-gcc/xpack-riscv-none-elf-gcc-12.2.0-1/bin/../lib/gcc/riscv-none-elf/12.2.0/../../../../riscv-none-elf/lib/libg_nano.a(lib_a-nano-mallocr.o)
                0x000000000800a032                _malloc_r
 .text          0x000000000800a13a        0x0 /home/fab/sharefile/tools/riscv-none-elf-gcc/xpack-riscv-none-elf-gcc-12.2.0-1/bin/../lib/gcc/riscv-none-elf/12.2.0/../../../../riscv-none-elf/lib/libg_nano.a(lib_a-sbrkr.o)
 .text._sbrk_r  0x000000000800a13a       0x26 /home/fab/sharefile/tools/riscv-none-elf-gcc/xpack-riscv-none-elf-gcc-12.2.0-1/bin/../lib/gcc/riscv-none-elf/12.2.0/../../../../riscv-none-elf/lib/libg_nano.a(lib_a-sbrkr.o)
                0x000000000800a13a                _sbrk_r
 .text          0x000000000800a160        0x0 /home/fab/sharefile/tools/riscv-none-elf-gcc/xpack-riscv-none-elf-gcc-12.2.0-1/bin/../lib/gcc/riscv-none-elf/12.2.0/../../../../riscv-none-elf/lib/libg_nano.a(lib_a-mlock.o)
 .text.__malloc_lock
                0x000000000800a160        0xa /home/fab/sharefile/tools/riscv-none-elf-gcc/xpack-riscv-none-elf-gcc-12.2.0-1/bin/../lib/gcc/riscv-none-elf/12.2.0/../../../../riscv-none-elf/lib/libg_nano.a(lib_a-mlock.o)
                0x000000000800a160                __malloc_lock
 .text.__malloc_unlock
                0x000000000800a16a        0xa /home/fab/sharefile/tools/riscv-none-elf-gcc/xpack-riscv-none-elf-gcc-12.2.0-1/bin/../lib/gcc/riscv-none-elf/12.2.0/../../../../riscv-none-elf/lib/libg_nano.a(lib_a-mlock.o)
                0x000000000800a16a                __malloc_unlock
 .text          0x000000000800a174        0x0 /home/fab/sharefile/tools/riscv-none-elf-gcc/xpack-riscv-none-elf-gcc-12.2.0-1/bin/../lib/gcc/riscv-none-elf/12.2.0/../../../../riscv-none-elf/lib/libgloss_nano.a(sys_exit.o)
 .text._exit    0x000000000800a174       0x20 /home/fab/sharefile/tools/riscv-none-elf-gcc/xpack-riscv-none-elf-gcc-12.2.0-1/bin/../lib/gcc/riscv-none-elf/12.2.0/../../../../riscv-none-elf/lib/libgloss_nano.a(sys_exit.o)
                0x000000000800a174                _exit
 .text          0x000000000800a194        0x0 /home/fab/sharefile/tools/riscv-none-elf-gcc/xpack-riscv-none-elf-gcc-12.2.0-1/bin/../lib/gcc/riscv-none-elf/12.2.0/../../../../riscv-none-elf/lib/libgloss_nano.a(sys_sbrk.o)
 .text._sbrk    0x000000000800a194       0x46 /home/fab/sharefile/tools/riscv-none-elf-gcc/xpack-riscv-none-elf-gcc-12.2.0-1/bin/../lib/gcc/riscv-none-elf/12.2.0/../../../../riscv-none-elf/lib/libgloss_nano.a(sys_sbrk.o)
                0x000000000800a194                _sbrk
 .text          0x000000000800a1da        0x0 /home/fab/sharefile/tools/riscv-none-elf-gcc/xpack-riscv-none-elf-gcc-12.2.0-1/bin/../lib/gcc/riscv-none-elf/12.2.0/../../../../riscv-none-elf/lib/libgloss_nano.a(sys_write.o)
 .text._write   0x000000000800a1da       0x28 /home/fab/sharefile/tools/riscv-none-elf-gcc/xpack-riscv-none-elf-gcc-12.2.0-1/bin/../lib/gcc/riscv-none-elf/12.2.0/../../../../riscv-none-elf/lib/libgloss_nano.a(sys_write.o)
                0x000000000800a1da                _write
 .text          0x000000000800a202        0x0 /home/fab/sharefile/tools/riscv-none-elf-gcc/xpack-riscv-none-elf-gcc-12.2.0-1/bin/../lib/gcc/riscv-none-elf/12.2.0/../../../../riscv-none-elf/lib/libc_nano.a(lib_a-errno.o)
 .text.__errno  0x000000000800a202        0xa /home/fab/sharefile/tools/riscv-none-elf-gcc/xpack-riscv-none-elf-gcc-12.2.0-1/bin/../lib/gcc/riscv-none-elf/12.2.0/../../../../riscv-none-elf/lib/libc_nano.a(lib_a-errno.o)
                0x000000000800a202                __errno
 *(.gnu.linkonce.t.*)

.rela.dyn       0x000000000800a20c        0x0
 .rela.init     0x000000000800a20c        0x0 CMakeFiles/LED_GD32VF103.elf.dir/LCD_common/exmc_lcd.c.obj
 .rela.text.__libc_fini_array
                0x000000000800a20c        0x0 CMakeFiles/LED_GD32VF103.elf.dir/LCD_common/exmc_lcd.c.obj
 .rela.data.impure_data
                0x000000000800a20c        0x0 CMakeFiles/LED_GD32VF103.elf.dir/LCD_common/exmc_lcd.c.obj
 .rela.text.__libc_init_array
                0x000000000800a20c        0x0 CMakeFiles/LED_GD32VF103.elf.dir/LCD_common/exmc_lcd.c.obj
 .rela.text.__register_exitproc
                0x000000000800a20c        0x0 CMakeFiles/LED_GD32VF103.elf.dir/LCD_common/exmc_lcd.c.obj

.fini
 *(SORT_NONE(.fini))
                0x000000000800a20c                . = ALIGN (0x4)
                [!provide]                        PROVIDE (__etext = .)
                [!provide]                        PROVIDE (_etext = .)
                [!provide]                        PROVIDE (etext = .)
                [!provide]                        PROVIDE (_eilm = .)

.preinit_array  0x000000000800a20c        0x0
                0x000000000800a20c                PROVIDE (__preinit_array_start = .)
 *(.preinit_array)
                0x000000000800a20c                PROVIDE (__preinit_array_end = .)

.init_array     0x000000000800a20c        0x0
                0x000000000800a20c                PROVIDE (__init_array_start = .)
 *(SORT_BY_INIT_PRIORITY(.init_array.*) SORT_BY_INIT_PRIORITY(.ctors.*))
 *(.init_array EXCLUDE_FILE(*crtend?.o *crtend.o *crtbegin?.o *crtbegin.o) .ctors)
                0x000000000800a20c                PROVIDE (__init_array_end = .)

.fini_array     0x000000000800a20c        0x0
                0x000000000800a20c                PROVIDE (__fini_array_start = .)
 *(SORT_BY_INIT_PRIORITY(.fini_array.*) SORT_BY_INIT_PRIORITY(.dtors.*))
 *(.fini_array EXCLUDE_FILE(*crtend?.o *crtend.o *crtbegin?.o *crtbegin.o) .dtors)
                0x000000000800a20c                PROVIDE (__fini_array_end = .)

.ctors
 *crtbegin.o(.ctors)
 *crtbegin?.o(.ctors)
 *(EXCLUDE_FILE(*crtend?.o *crtend.o) .ctors)
 *(SORT_BY_NAME(.ctors.*))
 *(.ctors)

.dtors
 *crtbegin.o(.dtors)
 *crtbegin?.o(.dtors)
 *(EXCLUDE_FILE(*crtend?.o *crtend.o) .dtors)
 *(SORT_BY_NAME(.dtors.*))
 *(.dtors)
                0x000000000800a20c                . = ALIGN (0x4)
                [!provide]                        PROVIDE (_eilm = .)

.lalign         0x000000000800a20c        0x0
                0x000000000800a20c                . = ALIGN (0x4)
 *fill*         0x000000000800a20c        0x0 
                0x000000000800a20c                PROVIDE (_data_lma = .)

.dalign         0x0000000020000000        0x0 load address 0x000000000800a20c
                0x0000000020000000                . = ALIGN (0x4)
                0x0000000020000000                PROVIDE (_data = .)

.data           0x0000000020000000       0x8c load address 0x000000000800a20c
 *(.rdata)
 *(.gnu.linkonce.r.*)
 *(.data .data.*)
 .data          0x0000000020000000        0x0 CMakeFiles/LED_GD32VF103.elf.dir/LCD_common/exmc_lcd.c.obj
 .data          0x0000000020000000        0x0 CMakeFiles/LED_GD32VF103.elf.dir/LCD_common/ili9320.c.obj
 .data          0x0000000020000000        0x0 CMakeFiles/LED_GD32VF103.elf.dir/LCD_common/picture.c.obj
 .data          0x0000000020000000        0x0 CMakeFiles/LED_GD32VF103.elf.dir/LCD_common/touch_panel.c.obj
 .data          0x0000000020000000        0x0 CMakeFiles/LED_GD32VF103.elf.dir/RISCV/drivers/n200_func.c.obj
 .data          0x0000000020000000        0x0 CMakeFiles/LED_GD32VF103.elf.dir/devices/startup/entry.S.obj
 .data          0x0000000020000000        0x0 CMakeFiles/LED_GD32VF103.elf.dir/devices/startup/handlers.c.obj
 .data          0x0000000020000000        0x0 CMakeFiles/LED_GD32VF103.elf.dir/devices/startup/init.c.obj
 .data          0x0000000020000000        0x0 CMakeFiles/LED_GD32VF103.elf.dir/devices/startup/start.S.obj
 .data          0x0000000020000000        0x0 CMakeFiles/LED_GD32VF103.elf.dir/devices/system_gd32vf103.c.obj
 .data          0x0000000020000000        0x0 CMakeFiles/LED_GD32VF103.elf.dir/src/main.c.obj
 .data.gd_website_string
                0x0000000020000000       0x13 CMakeFiles/LED_GD32VF103.elf.dir/src/main.c.obj
                0x0000000020000000                gd_website_string
 .data          0x0000000020000013        0x0 CMakeFiles/LED_GD32VF103.elf.dir/src/systick.c.obj
 .data          0x0000000020000013        0x0 libdrvlib_gd32vf103.a(gd32vf103_exmc.c.obj)
 .data          0x0000000020000013        0x0 libdrvlib_gd32vf103.a(gd32vf103_gpio.c.obj)
 .data          0x0000000020000013        0x0 libdrvlib_gd32vf103.a(gd32vf103_rcu.c.obj)
 .data          0x0000000020000013        0x0 /home/fab/sharefile/tools/riscv-none-elf-gcc/xpack-riscv-none-elf-gcc-12.2.0-1/bin/../lib/gcc/riscv-none-elf/12.2.0/../../../../riscv-none-elf/lib/libg_nano.a(lib_a-atexit.o)
 .data          0x0000000020000013        0x0 /home/fab/sharefile/tools/riscv-none-elf-gcc/xpack-riscv-none-elf-gcc-12.2.0-1/bin/../lib/gcc/riscv-none-elf/12.2.0/../../../../riscv-none-elf/lib/libg_nano.a(lib_a-exit.o)
 .data          0x0000000020000013        0x0 /home/fab/sharefile/tools/riscv-none-elf-gcc/xpack-riscv-none-elf-gcc-12.2.0-1/bin/../lib/gcc/riscv-none-elf/12.2.0/../../../../riscv-none-elf/lib/libg_nano.a(lib_a-fini.o)
 .data          0x0000000020000013        0x0 /home/fab/sharefile/tools/riscv-none-elf-gcc/xpack-riscv-none-elf-gcc-12.2.0-1/bin/../lib/gcc/riscv-none-elf/12.2.0/../../../../riscv-none-elf/lib/libg_nano.a(lib_a-impure.o)
 *fill*         0x0000000020000013        0x1 
 .data.impure_data
                0x0000000020000014       0x60 /home/fab/sharefile/tools/riscv-none-elf-gcc/xpack-riscv-none-elf-gcc-12.2.0-1/bin/../lib/gcc/riscv-none-elf/12.2.0/../../../../riscv-none-elf/lib/libg_nano.a(lib_a-impure.o)
 .data          0x0000000020000074        0x0 /home/fab/sharefile/tools/riscv-none-elf-gcc/xpack-riscv-none-elf-gcc-12.2.0-1/bin/../lib/gcc/riscv-none-elf/12.2.0/../../../../riscv-none-elf/lib/libg_nano.a(lib_a-init.o)
 .data          0x0000000020000074        0x0 /home/fab/sharefile/tools/riscv-none-elf-gcc/xpack-riscv-none-elf-gcc-12.2.0-1/bin/../lib/gcc/riscv-none-elf/12.2.0/../../../../riscv-none-elf/lib/libg_nano.a(lib_a-syswrite.o)
 .data          0x0000000020000074        0x0 /home/fab/sharefile/tools/riscv-none-elf-gcc/xpack-riscv-none-elf-gcc-12.2.0-1/bin/../lib/gcc/riscv-none-elf/12.2.0/../../../../riscv-none-elf/lib/libg_nano.a(lib_a-writer.o)
 .data          0x0000000020000074        0x0 /home/fab/sharefile/tools/riscv-none-elf-gcc/xpack-riscv-none-elf-gcc-12.2.0-1/bin/../lib/gcc/riscv-none-elf/12.2.0/../../../../riscv-none-elf/lib/libg_nano.a(lib_a-__atexit.o)
 .data          0x0000000020000074        0x0 /home/fab/sharefile/tools/riscv-none-elf-gcc/xpack-riscv-none-elf-gcc-12.2.0-1/bin/../lib/gcc/riscv-none-elf/12.2.0/../../../../riscv-none-elf/lib/libg_nano.a(lib_a-__call_atexit.o)
 .data          0x0000000020000074        0x0 /home/fab/sharefile/tools/riscv-none-elf-gcc/xpack-riscv-none-elf-gcc-12.2.0-1/bin/../lib/gcc/riscv-none-elf/12.2.0/../../../../riscv-none-elf/lib/libg_nano.a(lib_a-lock.o)
 .data          0x0000000020000074        0x0 /home/fab/sharefile/tools/riscv-none-elf-gcc/xpack-riscv-none-elf-gcc-12.2.0-1/bin/../lib/gcc/riscv-none-elf/12.2.0/../../../../riscv-none-elf/lib/libg_nano.a(lib_a-reent.o)
 .data          0x0000000020000074        0x0 /home/fab/sharefile/tools/riscv-none-elf-gcc/xpack-riscv-none-elf-gcc-12.2.0-1/bin/../lib/gcc/riscv-none-elf/12.2.0/../../../../riscv-none-elf/lib/libg_nano.a(lib_a-nano-freer.o)
 .data          0x0000000020000074        0x0 /home/fab/sharefile/tools/riscv-none-elf-gcc/xpack-riscv-none-elf-gcc-12.2.0-1/bin/../lib/gcc/riscv-none-elf/12.2.0/../../../../riscv-none-elf/lib/libg_nano.a(lib_a-nano-mallocr.o)
 .data          0x0000000020000074        0x0 /home/fab/sharefile/tools/riscv-none-elf-gcc/xpack-riscv-none-elf-gcc-12.2.0-1/bin/../lib/gcc/riscv-none-elf/12.2.0/../../../../riscv-none-elf/lib/libg_nano.a(lib_a-sbrkr.o)
 .data          0x0000000020000074        0x0 /home/fab/sharefile/tools/riscv-none-elf-gcc/xpack-riscv-none-elf-gcc-12.2.0-1/bin/../lib/gcc/riscv-none-elf/12.2.0/../../../../riscv-none-elf/lib/libg_nano.a(lib_a-mlock.o)
 .data          0x0000000020000074        0x0 /home/fab/sharefile/tools/riscv-none-elf-gcc/xpack-riscv-none-elf-gcc-12.2.0-1/bin/../lib/gcc/riscv-none-elf/12.2.0/../../../../riscv-none-elf/lib/libgloss_nano.a(sys_exit.o)
 .data          0x0000000020000074        0x0 /home/fab/sharefile/tools/riscv-none-elf-gcc/xpack-riscv-none-elf-gcc-12.2.0-1/bin/../lib/gcc/riscv-none-elf/12.2.0/../../../../riscv-none-elf/lib/libgloss_nano.a(sys_sbrk.o)
 .data          0x0000000020000074        0x0 /home/fab/sharefile/tools/riscv-none-elf-gcc/xpack-riscv-none-elf-gcc-12.2.0-1/bin/../lib/gcc/riscv-none-elf/12.2.0/../../../../riscv-none-elf/lib/libgloss_nano.a(sys_write.o)
 .data          0x0000000020000074        0x0 /home/fab/sharefile/tools/riscv-none-elf-gcc/xpack-riscv-none-elf-gcc-12.2.0-1/bin/../lib/gcc/riscv-none-elf/12.2.0/../../../../riscv-none-elf/lib/libc_nano.a(lib_a-errno.o)
 *(.gnu.linkonce.d.*)
                0x0000000020000078                . = ALIGN (0x8)
 *fill*         0x0000000020000074        0x4 
                0x0000000020000878                PROVIDE (__global_pointer$ = (. + 0x800))
 *(.sdata .sdata.*)
 .sdata.SystemCoreClock
                0x0000000020000078        0x4 CMakeFiles/LED_GD32VF103.elf.dir/devices/system_gd32vf103.c.obj
                0x0000000020000078                SystemCoreClock
 .sdata._impure_ptr
                0x000000002000007c        0x4 /home/fab/sharefile/tools/riscv-none-elf-gcc/xpack-riscv-none-elf-gcc-12.2.0-1/bin/../lib/gcc/riscv-none-elf/12.2.0/../../../../riscv-none-elf/lib/libg_nano.a(lib_a-impure.o)
                0x000000002000007c                _impure_ptr
 .sdata.__atexit_dummy
                0x0000000020000080        0x4 /home/fab/sharefile/tools/riscv-none-elf-gcc/xpack-riscv-none-elf-gcc-12.2.0-1/bin/../lib/gcc/riscv-none-elf/12.2.0/../../../../riscv-none-elf/lib/libg_nano.a(lib_a-__atexit.o)
                0x0000000020000080                __atexit_dummy
 .sdata.__atexit_recursive_mutex
                0x0000000020000084        0x4 /home/fab/sharefile/tools/riscv-none-elf-gcc/xpack-riscv-none-elf-gcc-12.2.0-1/bin/../lib/gcc/riscv-none-elf/12.2.0/../../../../riscv-none-elf/lib/libg_nano.a(lib_a-__call_atexit.o)
                0x0000000020000084                __atexit_recursive_mutex
 *(.gnu.linkonce.s.*)
                0x0000000020000088                . = ALIGN (0x8)
 *(.srodata.cst16)
 *(.srodata.cst8)
 *(.srodata.cst4)
 *(.srodata.cst2)
 *(.srodata .srodata.*)
 .srodata._global_impure_ptr
                0x0000000020000088        0x4 /home/fab/sharefile/tools/riscv-none-elf-gcc/xpack-riscv-none-elf-gcc-12.2.0-1/bin/../lib/gcc/riscv-none-elf/12.2.0/../../../../riscv-none-elf/lib/libg_nano.a(lib_a-impure.o)
                0x0000000020000088                _global_impure_ptr
                0x000000002000008c                . = ALIGN (0x4)
                0x000000002000008c                PROVIDE (_edata = .)
                [!provide]                        PROVIDE (edata = .)
                [!provide]                        PROVIDE (_fbss = .)
                0x000000002000008c                PROVIDE (__bss_start = .)

.bss            0x000000002000008c       0xd4
 *(.sbss*)
 .sbss.device_code
                0x000000002000008c        0x2 CMakeFiles/LED_GD32VF103.elf.dir/LCD_common/ili9320.c.obj
                0x000000002000008c                device_code
 .sbss.touch_ad_y
                0x000000002000008e        0x2 CMakeFiles/LED_GD32VF103.elf.dir/LCD_common/touch_panel.c.obj
                0x000000002000008e                touch_ad_y
 .sbss.touch_ad_x
                0x0000000020000090        0x2 CMakeFiles/LED_GD32VF103.elf.dir/LCD_common/touch_panel.c.obj
                0x0000000020000090                touch_ad_x
 *fill*         0x0000000020000092        0x2 
 .sbss.char_format
                0x0000000020000094        0x8 CMakeFiles/LED_GD32VF103.elf.dir/src/main.c.obj
                0x0000000020000094                char_format
 .sbss._global_atexit
                0x000000002000009c        0x4 /home/fab/sharefile/tools/riscv-none-elf-gcc/xpack-riscv-none-elf-gcc-12.2.0-1/bin/../lib/gcc/riscv-none-elf/12.2.0/../../../../riscv-none-elf/lib/libg_nano.a(lib_a-__call_atexit.o)
                0x000000002000009c                _global_atexit
 .sbss.__lock___arc4random_mutex
                0x00000000200000a0        0x1 /home/fab/sharefile/tools/riscv-none-elf-gcc/xpack-riscv-none-elf-gcc-12.2.0-1/bin/../lib/gcc/riscv-none-elf/12.2.0/../../../../riscv-none-elf/lib/libg_nano.a(lib_a-lock.o)
                0x00000000200000a0                __lock___arc4random_mutex
 *fill*         0x00000000200000a1        0x3 
 .sbss.__lock___dd_hash_mutex
                0x00000000200000a4        0x1 /home/fab/sharefile/tools/riscv-none-elf-gcc/xpack-riscv-none-elf-gcc-12.2.0-1/bin/../lib/gcc/riscv-none-elf/12.2.0/../../../../riscv-none-elf/lib/libg_nano.a(lib_a-lock.o)
                0x00000000200000a4                __lock___dd_hash_mutex
 *fill*         0x00000000200000a5        0x3 
 .sbss.__lock___tz_mutex
                0x00000000200000a8        0x1 /home/fab/sharefile/tools/riscv-none-elf-gcc/xpack-riscv-none-elf-gcc-12.2.0-1/bin/../lib/gcc/riscv-none-elf/12.2.0/../../../../riscv-none-elf/lib/libg_nano.a(lib_a-lock.o)
                0x00000000200000a8                __lock___tz_mutex
 *fill*         0x00000000200000a9        0x3 
 .sbss.__lock___env_recursive_mutex
                0x00000000200000ac        0x1 /home/fab/sharefile/tools/riscv-none-elf-gcc/xpack-riscv-none-elf-gcc-12.2.0-1/bin/../lib/gcc/riscv-none-elf/12.2.0/../../../../riscv-none-elf/lib/libg_nano.a(lib_a-lock.o)
                0x00000000200000ac                __lock___env_recursive_mutex
 *fill*         0x00000000200000ad        0x3 
 .sbss.__lock___malloc_recursive_mutex
                0x00000000200000b0        0x1 /home/fab/sharefile/tools/riscv-none-elf-gcc/xpack-riscv-none-elf-gcc-12.2.0-1/bin/../lib/gcc/riscv-none-elf/12.2.0/../../../../riscv-none-elf/lib/libg_nano.a(lib_a-lock.o)
                0x00000000200000b0                __lock___malloc_recursive_mutex
 *fill*         0x00000000200000b1        0x3 
 .sbss.__lock___at_quick_exit_mutex
                0x00000000200000b4        0x1 /home/fab/sharefile/tools/riscv-none-elf-gcc/xpack-riscv-none-elf-gcc-12.2.0-1/bin/../lib/gcc/riscv-none-elf/12.2.0/../../../../riscv-none-elf/lib/libg_nano.a(lib_a-lock.o)
                0x00000000200000b4                __lock___at_quick_exit_mutex
 *fill*         0x00000000200000b5        0x3 
 .sbss.__lock___atexit_recursive_mutex
                0x00000000200000b8        0x1 /home/fab/sharefile/tools/riscv-none-elf-gcc/xpack-riscv-none-elf-gcc-12.2.0-1/bin/../lib/gcc/riscv-none-elf/12.2.0/../../../../riscv-none-elf/lib/libg_nano.a(lib_a-lock.o)
                0x00000000200000b8                __lock___atexit_recursive_mutex
 *fill*         0x00000000200000b9        0x3 
 .sbss.__lock___sfp_recursive_mutex
                0x00000000200000bc        0x1 /home/fab/sharefile/tools/riscv-none-elf-gcc/xpack-riscv-none-elf-gcc-12.2.0-1/bin/../lib/gcc/riscv-none-elf/12.2.0/../../../../riscv-none-elf/lib/libg_nano.a(lib_a-lock.o)
                0x00000000200000bc                __lock___sfp_recursive_mutex
 *fill*         0x00000000200000bd        0x3 
 .sbss.__lock___sinit_recursive_mutex
                0x00000000200000c0        0x1 /home/fab/sharefile/tools/riscv-none-elf-gcc/xpack-riscv-none-elf-gcc-12.2.0-1/bin/../lib/gcc/riscv-none-elf/12.2.0/../../../../riscv-none-elf/lib/libg_nano.a(lib_a-lock.o)
                0x00000000200000c0                __lock___sinit_recursive_mutex
 *fill*         0x00000000200000c1        0x3 
 .sbss.errno    0x00000000200000c4        0x4 /home/fab/sharefile/tools/riscv-none-elf-gcc/xpack-riscv-none-elf-gcc-12.2.0-1/bin/../lib/gcc/riscv-none-elf/12.2.0/../../../../riscv-none-elf/lib/libg_nano.a(lib_a-reent.o)
                0x00000000200000c4                errno
 .sbss.__malloc_sbrk_start
                0x00000000200000c8        0x4 /home/fab/sharefile/tools/riscv-none-elf-gcc/xpack-riscv-none-elf-gcc-12.2.0-1/bin/../lib/gcc/riscv-none-elf/12.2.0/../../../../riscv-none-elf/lib/libg_nano.a(lib_a-nano-mallocr.o)
                0x00000000200000c8                __malloc_sbrk_start
 .sbss.__malloc_free_list
                0x00000000200000cc        0x4 /home/fab/sharefile/tools/riscv-none-elf-gcc/xpack-riscv-none-elf-gcc-12.2.0-1/bin/../lib/gcc/riscv-none-elf/12.2.0/../../../../riscv-none-elf/lib/libg_nano.a(lib_a-nano-mallocr.o)
                0x00000000200000cc                __malloc_free_list
 .sbss.heap_end.0
                0x00000000200000d0        0x4 /home/fab/sharefile/tools/riscv-none-elf-gcc/xpack-riscv-none-elf-gcc-12.2.0-1/bin/../lib/gcc/riscv-none-elf/12.2.0/../../../../riscv-none-elf/lib/libgloss_nano.a(sys_sbrk.o)
 *(.gnu.linkonce.sb.*)
 *(.bss .bss.*)
 .bss           0x00000000200000d4        0x0 CMakeFiles/LED_GD32VF103.elf.dir/LCD_common/exmc_lcd.c.obj
 .bss           0x00000000200000d4        0x0 CMakeFiles/LED_GD32VF103.elf.dir/LCD_common/ili9320.c.obj
 .bss           0x00000000200000d4        0x0 CMakeFiles/LED_GD32VF103.elf.dir/LCD_common/picture.c.obj
 .bss           0x00000000200000d4        0x0 CMakeFiles/LED_GD32VF103.elf.dir/LCD_common/touch_panel.c.obj
 .bss           0x00000000200000d4        0x0 CMakeFiles/LED_GD32VF103.elf.dir/RISCV/drivers/n200_func.c.obj
 .bss           0x00000000200000d4        0x0 CMakeFiles/LED_GD32VF103.elf.dir/devices/startup/entry.S.obj
 .bss           0x00000000200000d4        0x0 CMakeFiles/LED_GD32VF103.elf.dir/devices/startup/handlers.c.obj
 .bss           0x00000000200000d4        0x0 CMakeFiles/LED_GD32VF103.elf.dir/devices/startup/init.c.obj
 .bss           0x00000000200000d4        0x0 CMakeFiles/LED_GD32VF103.elf.dir/devices/startup/start.S.obj
 .bss           0x00000000200000d4        0x0 CMakeFiles/LED_GD32VF103.elf.dir/devices/system_gd32vf103.c.obj
 .bss           0x00000000200000d4        0x0 CMakeFiles/LED_GD32VF103.elf.dir/src/main.c.obj
 .bss           0x00000000200000d4        0x0 CMakeFiles/LED_GD32VF103.elf.dir/src/systick.c.obj
 .bss           0x00000000200000d4        0x0 libdrvlib_gd32vf103.a(gd32vf103_exmc.c.obj)
 .bss           0x00000000200000d4        0x0 libdrvlib_gd32vf103.a(gd32vf103_gpio.c.obj)
 .bss           0x00000000200000d4        0x0 libdrvlib_gd32vf103.a(gd32vf103_rcu.c.obj)
 .bss           0x00000000200000d4        0x0 /home/fab/sharefile/tools/riscv-none-elf-gcc/xpack-riscv-none-elf-gcc-12.2.0-1/bin/../lib/gcc/riscv-none-elf/12.2.0/../../../../riscv-none-elf/lib/libg_nano.a(lib_a-atexit.o)
 .bss           0x00000000200000d4        0x0 /home/fab/sharefile/tools/riscv-none-elf-gcc/xpack-riscv-none-elf-gcc-12.2.0-1/bin/../lib/gcc/riscv-none-elf/12.2.0/../../../../riscv-none-elf/lib/libg_nano.a(lib_a-exit.o)
 .bss           0x00000000200000d4        0x0 /home/fab/sharefile/tools/riscv-none-elf-gcc/xpack-riscv-none-elf-gcc-12.2.0-1/bin/../lib/gcc/riscv-none-elf/12.2.0/../../../../riscv-none-elf/lib/libg_nano.a(lib_a-fini.o)
 .bss           0x00000000200000d4        0x0 /home/fab/sharefile/tools/riscv-none-elf-gcc/xpack-riscv-none-elf-gcc-12.2.0-1/bin/../lib/gcc/riscv-none-elf/12.2.0/../../../../riscv-none-elf/lib/libg_nano.a(lib_a-impure.o)
 .bss           0x00000000200000d4        0x0 /home/fab/sharefile/tools/riscv-none-elf-gcc/xpack-riscv-none-elf-gcc-12.2.0-1/bin/../lib/gcc/riscv-none-elf/12.2.0/../../../../riscv-none-elf/lib/libg_nano.a(lib_a-init.o)
 .bss           0x00000000200000d4        0x0 /home/fab/sharefile/tools/riscv-none-elf-gcc/xpack-riscv-none-elf-gcc-12.2.0-1/bin/../lib/gcc/riscv-none-elf/12.2.0/../../../../riscv-none-elf/lib/libg_nano.a(lib_a-syswrite.o)
 .bss           0x00000000200000d4        0x0 /home/fab/sharefile/tools/riscv-none-elf-gcc/xpack-riscv-none-elf-gcc-12.2.0-1/bin/../lib/gcc/riscv-none-elf/12.2.0/../../../../riscv-none-elf/lib/libg_nano.a(lib_a-writer.o)
 .bss           0x00000000200000d4        0x0 /home/fab/sharefile/tools/riscv-none-elf-gcc/xpack-riscv-none-elf-gcc-12.2.0-1/bin/../lib/gcc/riscv-none-elf/12.2.0/../../../../riscv-none-elf/lib/libg_nano.a(lib_a-__atexit.o)
 .bss._global_atexit0
                0x00000000200000d4       0x8c /home/fab/sharefile/tools/riscv-none-elf-gcc/xpack-riscv-none-elf-gcc-12.2.0-1/bin/../lib/gcc/riscv-none-elf/12.2.0/../../../../riscv-none-elf/lib/libg_nano.a(lib_a-__atexit.o)
 .bss           0x0000000020000160        0x0 /home/fab/sharefile/tools/riscv-none-elf-gcc/xpack-riscv-none-elf-gcc-12.2.0-1/bin/../lib/gcc/riscv-none-elf/12.2.0/../../../../riscv-none-elf/lib/libg_nano.a(lib_a-__call_atexit.o)
 .bss           0x0000000020000160        0x0 /home/fab/sharefile/tools/riscv-none-elf-gcc/xpack-riscv-none-elf-gcc-12.2.0-1/bin/../lib/gcc/riscv-none-elf/12.2.0/../../../../riscv-none-elf/lib/libg_nano.a(lib_a-lock.o)
 .bss           0x0000000020000160        0x0 /home/fab/sharefile/tools/riscv-none-elf-gcc/xpack-riscv-none-elf-gcc-12.2.0-1/bin/../lib/gcc/riscv-none-elf/12.2.0/../../../../riscv-none-elf/lib/libg_nano.a(lib_a-reent.o)
 .bss           0x0000000020000160        0x0 /home/fab/sharefile/tools/riscv-none-elf-gcc/xpack-riscv-none-elf-gcc-12.2.0-1/bin/../lib/gcc/riscv-none-elf/12.2.0/../../../../riscv-none-elf/lib/libg_nano.a(lib_a-nano-freer.o)
 .bss           0x0000000020000160        0x0 /home/fab/sharefile/tools/riscv-none-elf-gcc/xpack-riscv-none-elf-gcc-12.2.0-1/bin/../lib/gcc/riscv-none-elf/12.2.0/../../../../riscv-none-elf/lib/libg_nano.a(lib_a-nano-mallocr.o)
 .bss           0x0000000020000160        0x0 /home/fab/sharefile/tools/riscv-none-elf-gcc/xpack-riscv-none-elf-gcc-12.2.0-1/bin/../lib/gcc/riscv-none-elf/12.2.0/../../../../riscv-none-elf/lib/libg_nano.a(lib_a-sbrkr.o)
 .bss           0x0000000020000160        0x0 /home/fab/sharefile/tools/riscv-none-elf-gcc/xpack-riscv-none-elf-gcc-12.2.0-1/bin/../lib/gcc/riscv-none-elf/12.2.0/../../../../riscv-none-elf/lib/libg_nano.a(lib_a-mlock.o)
 .bss           0x0000000020000160        0x0 /home/fab/sharefile/tools/riscv-none-elf-gcc/xpack-riscv-none-elf-gcc-12.2.0-1/bin/../lib/gcc/riscv-none-elf/12.2.0/../../../../riscv-none-elf/lib/libgloss_nano.a(sys_exit.o)
 .bss           0x0000000020000160        0x0 /home/fab/sharefile/tools/riscv-none-elf-gcc/xpack-riscv-none-elf-gcc-12.2.0-1/bin/../lib/gcc/riscv-none-elf/12.2.0/../../../../riscv-none-elf/lib/libgloss_nano.a(sys_sbrk.o)
 .bss           0x0000000020000160        0x0 /home/fab/sharefile/tools/riscv-none-elf-gcc/xpack-riscv-none-elf-gcc-12.2.0-1/bin/../lib/gcc/riscv-none-elf/12.2.0/../../../../riscv-none-elf/lib/libgloss_nano.a(sys_write.o)
 .bss           0x0000000020000160        0x0 /home/fab/sharefile/tools/riscv-none-elf-gcc/xpack-riscv-none-elf-gcc-12.2.0-1/bin/../lib/gcc/riscv-none-elf/12.2.0/../../../../riscv-none-elf/lib/libc_nano.a(lib_a-errno.o)
 *(.gnu.linkonce.b.*)
 *(COMMON)
                0x0000000020000160                . = ALIGN (0x4)
                0x0000000020000160                . = ALIGN (0x8)
                0x0000000020000160                PROVIDE (_end = .)
                [!provide]                        PROVIDE (end = .)

.stack          0x0000000020007800      0x800 load address 0x0000000020000160
                [!provide]                        PROVIDE (_heap_end = .)
                0x0000000000000800                . = __stack_size
 *fill*         0x0000000020007800      0x800 
                0x0000000020008000                PROVIDE (_sp = .)
LOAD CMakeFiles/LED_GD32VF103.elf.dir/LCD_common/exmc_lcd.c.obj
LOAD CMakeFiles/LED_GD32VF103.elf.dir/LCD_common/ili9320.c.obj
LOAD CMakeFiles/LED_GD32VF103.elf.dir/LCD_common/picture.c.obj
LOAD CMakeFiles/LED_GD32VF103.elf.dir/LCD_common/touch_panel.c.obj
LOAD CMakeFiles/LED_GD32VF103.elf.dir/RISCV/drivers/n200_func.c.obj
LOAD CMakeFiles/LED_GD32VF103.elf.dir/devices/startup/entry.S.obj
LOAD CMakeFiles/LED_GD32VF103.elf.dir/devices/startup/handlers.c.obj
LOAD CMakeFiles/LED_GD32VF103.elf.dir/devices/startup/init.c.obj
LOAD CMakeFiles/LED_GD32VF103.elf.dir/devices/startup/start.S.obj
LOAD CMakeFiles/LED_GD32VF103.elf.dir/devices/system_gd32vf103.c.obj
LOAD CMakeFiles/LED_GD32VF103.elf.dir/src/main.c.obj
LOAD CMakeFiles/LED_GD32VF103.elf.dir/src/systick.c.obj
LOAD libdrvlib_gd32vf103.a
LOAD /home/fab/sharefile/tools/riscv-none-elf-gcc/xpack-riscv-none-elf-gcc-12.2.0-1/bin/../lib/gcc/riscv-none-elf/12.2.0/libgcc.a
LOAD /home/fab/sharefile/tools/riscv-none-elf-gcc/xpack-riscv-none-elf-gcc-12.2.0-1/bin/../lib/gcc/riscv-none-elf/12.2.0/../../../../riscv-none-elf/lib/libg_nano.a
LOAD /home/fab/sharefile/tools/riscv-none-elf-gcc/xpack-riscv-none-elf-gcc-12.2.0-1/bin/../lib/gcc/riscv-none-elf/12.2.0/../../../../riscv-none-elf/lib/libc_nano.a
LOAD /home/fab/sharefile/tools/riscv-none-elf-gcc/xpack-riscv-none-elf-gcc-12.2.0-1/bin/../lib/gcc/riscv-none-elf/12.2.0/libgcc.a
START GROUP
LOAD /home/fab/sharefile/tools/riscv-none-elf-gcc/xpack-riscv-none-elf-gcc-12.2.0-1/bin/../lib/gcc/riscv-none-elf/12.2.0/libgcc.a
LOAD /home/fab/sharefile/tools/riscv-none-elf-gcc/xpack-riscv-none-elf-gcc-12.2.0-1/bin/../lib/gcc/riscv-none-elf/12.2.0/../../../../riscv-none-elf/lib/libc_nano.a
LOAD /home/fab/sharefile/tools/riscv-none-elf-gcc/xpack-riscv-none-elf-gcc-12.2.0-1/bin/../lib/gcc/riscv-none-elf/12.2.0/../../../../riscv-none-elf/lib/libgloss_nano.a
END GROUP
OUTPUT(LED_GD32VF103.elf elf32-littleriscv)

.debug_info     0x0000000000000000     0x6b59
 .debug_info    0x0000000000000000      0x466 CMakeFiles/LED_GD32VF103.elf.dir/LCD_common/exmc_lcd.c.obj
 .debug_info    0x0000000000000466     0x1ce1 CMakeFiles/LED_GD32VF103.elf.dir/LCD_common/ili9320.c.obj
 .debug_info    0x0000000000002147       0xde CMakeFiles/LED_GD32VF103.elf.dir/LCD_common/picture.c.obj
 .debug_info    0x0000000000002225     0x161b CMakeFiles/LED_GD32VF103.elf.dir/LCD_common/touch_panel.c.obj
 .debug_info    0x0000000000003840      0xe17 CMakeFiles/LED_GD32VF103.elf.dir/RISCV/drivers/n200_func.c.obj
 .debug_info    0x0000000000004657       0x23 CMakeFiles/LED_GD32VF103.elf.dir/devices/startup/entry.S.obj
 .debug_info    0x000000000000467a      0x19c CMakeFiles/LED_GD32VF103.elf.dir/devices/startup/handlers.c.obj
 .debug_info    0x0000000000004816      0x2b3 CMakeFiles/LED_GD32VF103.elf.dir/devices/startup/init.c.obj
 .debug_info    0x0000000000004ac9       0x25 CMakeFiles/LED_GD32VF103.elf.dir/devices/startup/start.S.obj
 .debug_info    0x0000000000004aee      0x238 CMakeFiles/LED_GD32VF103.elf.dir/devices/system_gd32vf103.c.obj
 .debug_info    0x0000000000004d26      0x569 CMakeFiles/LED_GD32VF103.elf.dir/src/main.c.obj
 .debug_info    0x000000000000528f      0x11f CMakeFiles/LED_GD32VF103.elf.dir/src/systick.c.obj
 .debug_info    0x00000000000053ae      0x246 libdrvlib_gd32vf103.a(gd32vf103_exmc.c.obj)
 .debug_info    0x00000000000055f4      0x6b7 libdrvlib_gd32vf103.a(gd32vf103_gpio.c.obj)
 .debug_info    0x0000000000005cab      0xeae libdrvlib_gd32vf103.a(gd32vf103_rcu.c.obj)

.debug_abbrev   0x0000000000000000     0x176e
 .debug_abbrev  0x0000000000000000      0x129 CMakeFiles/LED_GD32VF103.elf.dir/LCD_common/exmc_lcd.c.obj
 .debug_abbrev  0x0000000000000129      0x391 CMakeFiles/LED_GD32VF103.elf.dir/LCD_common/ili9320.c.obj
 .debug_abbrev  0x00000000000004ba       0x77 CMakeFiles/LED_GD32VF103.elf.dir/LCD_common/picture.c.obj
 .debug_abbrev  0x0000000000000531      0x35a CMakeFiles/LED_GD32VF103.elf.dir/LCD_common/touch_panel.c.obj
 .debug_abbrev  0x000000000000088b      0x370 CMakeFiles/LED_GD32VF103.elf.dir/RISCV/drivers/n200_func.c.obj
 .debug_abbrev  0x0000000000000bfb       0x12 CMakeFiles/LED_GD32VF103.elf.dir/devices/startup/entry.S.obj
 .debug_abbrev  0x0000000000000c0d       0xfb CMakeFiles/LED_GD32VF103.elf.dir/devices/startup/handlers.c.obj
 .debug_abbrev  0x0000000000000d08       0xf7 CMakeFiles/LED_GD32VF103.elf.dir/devices/startup/init.c.obj
 .debug_abbrev  0x0000000000000dff       0x14 CMakeFiles/LED_GD32VF103.elf.dir/devices/startup/start.S.obj
 .debug_abbrev  0x0000000000000e13      0x140 CMakeFiles/LED_GD32VF103.elf.dir/devices/system_gd32vf103.c.obj
 .debug_abbrev  0x0000000000000f53      0x144 CMakeFiles/LED_GD32VF103.elf.dir/src/main.c.obj
 .debug_abbrev  0x0000000000001097       0xc5 CMakeFiles/LED_GD32VF103.elf.dir/src/systick.c.obj
 .debug_abbrev  0x000000000000115c       0xee libdrvlib_gd32vf103.a(gd32vf103_exmc.c.obj)
 .debug_abbrev  0x000000000000124a      0x218 libdrvlib_gd32vf103.a(gd32vf103_gpio.c.obj)
 .debug_abbrev  0x0000000000001462      0x30c libdrvlib_gd32vf103.a(gd32vf103_rcu.c.obj)

.debug_aranges  0x0000000000000000      0x5e8
 .debug_aranges
                0x0000000000000000       0x20 CMakeFiles/LED_GD32VF103.elf.dir/LCD_common/exmc_lcd.c.obj
 .debug_aranges
                0x0000000000000020       0xa8 CMakeFiles/LED_GD32VF103.elf.dir/LCD_common/ili9320.c.obj
 .debug_aranges
                0x00000000000000c8       0x18 CMakeFiles/LED_GD32VF103.elf.dir/LCD_common/picture.c.obj
 .debug_aranges
                0x00000000000000e0       0x88 CMakeFiles/LED_GD32VF103.elf.dir/LCD_common/touch_panel.c.obj
 .debug_aranges
                0x0000000000000168      0x140 CMakeFiles/LED_GD32VF103.elf.dir/RISCV/drivers/n200_func.c.obj
 .debug_aranges
                0x00000000000002a8       0x28 CMakeFiles/LED_GD32VF103.elf.dir/devices/startup/entry.S.obj
 .debug_aranges
                0x00000000000002d0       0x28 CMakeFiles/LED_GD32VF103.elf.dir/devices/startup/handlers.c.obj
 .debug_aranges
                0x00000000000002f8       0x28 CMakeFiles/LED_GD32VF103.elf.dir/devices/startup/init.c.obj
 .debug_aranges
                0x0000000000000320       0x20 CMakeFiles/LED_GD32VF103.elf.dir/devices/startup/start.S.obj
 .debug_aranges
                0x0000000000000340       0x28 CMakeFiles/LED_GD32VF103.elf.dir/devices/system_gd32vf103.c.obj
 .debug_aranges
                0x0000000000000368       0x20 CMakeFiles/LED_GD32VF103.elf.dir/src/main.c.obj
 .debug_aranges
                0x0000000000000388       0x20 CMakeFiles/LED_GD32VF103.elf.dir/src/systick.c.obj
 .debug_aranges
                0x00000000000003a8       0x40 libdrvlib_gd32vf103.a(gd32vf103_exmc.c.obj)
 .debug_aranges
                0x00000000000003e8       0xa0 libdrvlib_gd32vf103.a(gd32vf103_gpio.c.obj)
 .debug_aranges
                0x0000000000000488      0x160 libdrvlib_gd32vf103.a(gd32vf103_rcu.c.obj)

.debug_rnglists
                0x0000000000000000     0x1154
 .debug_rnglists
                0x0000000000000000       0x16 CMakeFiles/LED_GD32VF103.elf.dir/LCD_common/exmc_lcd.c.obj
 .debug_rnglists
                0x0000000000000016      0x598 CMakeFiles/LED_GD32VF103.elf.dir/LCD_common/ili9320.c.obj
 .debug_rnglists
                0x00000000000005ae      0x4db CMakeFiles/LED_GD32VF103.elf.dir/LCD_common/touch_panel.c.obj
 .debug_rnglists
                0x0000000000000a89      0x30c CMakeFiles/LED_GD32VF103.elf.dir/RISCV/drivers/n200_func.c.obj
 .debug_rnglists
                0x0000000000000d95       0x1a CMakeFiles/LED_GD32VF103.elf.dir/devices/startup/entry.S.obj
 .debug_rnglists
                0x0000000000000daf       0x1f CMakeFiles/LED_GD32VF103.elf.dir/devices/startup/handlers.c.obj
 .debug_rnglists
                0x0000000000000dce       0x1f CMakeFiles/LED_GD32VF103.elf.dir/devices/startup/init.c.obj
 .debug_rnglists
                0x0000000000000ded       0x32 CMakeFiles/LED_GD32VF103.elf.dir/devices/system_gd32vf103.c.obj
 .debug_rnglists
                0x0000000000000e1f       0x16 CMakeFiles/LED_GD32VF103.elf.dir/src/main.c.obj
 .debug_rnglists
                0x0000000000000e35       0x16 CMakeFiles/LED_GD32VF103.elf.dir/src/systick.c.obj
 .debug_rnglists
                0x0000000000000e4b       0x3a libdrvlib_gd32vf103.a(gd32vf103_exmc.c.obj)
 .debug_rnglists
                0x0000000000000e85       0xa6 libdrvlib_gd32vf103.a(gd32vf103_gpio.c.obj)
 .debug_rnglists
                0x0000000000000f2b      0x229 libdrvlib_gd32vf103.a(gd32vf103_rcu.c.obj)

.debug_line     0x0000000000000000     0x7eed
 .debug_line    0x0000000000000000      0x1ff CMakeFiles/LED_GD32VF103.elf.dir/LCD_common/exmc_lcd.c.obj
 .debug_line    0x00000000000001ff     0x284f CMakeFiles/LED_GD32VF103.elf.dir/LCD_common/ili9320.c.obj
 .debug_line    0x0000000000002a4e       0x51 CMakeFiles/LED_GD32VF103.elf.dir/LCD_common/picture.c.obj
 .debug_line    0x0000000000002a9f     0x10e5 CMakeFiles/LED_GD32VF103.elf.dir/LCD_common/touch_panel.c.obj
 .debug_line    0x0000000000003b84     0x11a9 CMakeFiles/LED_GD32VF103.elf.dir/RISCV/drivers/n200_func.c.obj
 .debug_line    0x0000000000004d2d       0xd4 CMakeFiles/LED_GD32VF103.elf.dir/devices/startup/entry.S.obj
 .debug_line    0x0000000000004e01      0x101 CMakeFiles/LED_GD32VF103.elf.dir/devices/startup/handlers.c.obj
 .debug_line    0x0000000000004f02       0xca CMakeFiles/LED_GD32VF103.elf.dir/devices/startup/init.c.obj
 .debug_line    0x0000000000004fcc      0x172 CMakeFiles/LED_GD32VF103.elf.dir/devices/startup/start.S.obj
 .debug_line    0x000000000000513e      0x7f5 CMakeFiles/LED_GD32VF103.elf.dir/devices/system_gd32vf103.c.obj
 .debug_line    0x0000000000005933      0x216 CMakeFiles/LED_GD32VF103.elf.dir/src/main.c.obj
 .debug_line    0x0000000000005b49      0x159 CMakeFiles/LED_GD32VF103.elf.dir/src/systick.c.obj
 .debug_line    0x0000000000005ca2      0x40f libdrvlib_gd32vf103.a(gd32vf103_exmc.c.obj)
 .debug_line    0x00000000000060b1      0xac0 libdrvlib_gd32vf103.a(gd32vf103_gpio.c.obj)
 .debug_line    0x0000000000006b71     0x137c libdrvlib_gd32vf103.a(gd32vf103_rcu.c.obj)

.debug_str      0x0000000000000000     0x1d29
 .debug_str     0x0000000000000000      0x444 CMakeFiles/LED_GD32VF103.elf.dir/LCD_common/exmc_lcd.c.obj
                                        0x489 (size before relaxing)
 .debug_str     0x0000000000000444      0x1f7 CMakeFiles/LED_GD32VF103.elf.dir/LCD_common/ili9320.c.obj
                                        0x387 (size before relaxing)
 .debug_str     0x000000000000063b        0x8 CMakeFiles/LED_GD32VF103.elf.dir/LCD_common/picture.c.obj
                                        0x174 (size before relaxing)
 .debug_str     0x0000000000000643      0x1d3 CMakeFiles/LED_GD32VF103.elf.dir/LCD_common/touch_panel.c.obj
                                        0x4f8 (size before relaxing)
 .debug_str     0x0000000000000816      0x36a CMakeFiles/LED_GD32VF103.elf.dir/RISCV/drivers/n200_func.c.obj
                                        0x52b (size before relaxing)
 .debug_str     0x0000000000000b80       0x8c CMakeFiles/LED_GD32VF103.elf.dir/devices/startup/entry.S.obj
 .debug_str     0x0000000000000c0c       0x39 CMakeFiles/LED_GD32VF103.elf.dir/devices/startup/handlers.c.obj
                                        0x19b (size before relaxing)
 .debug_str     0x0000000000000c45      0x3c8 CMakeFiles/LED_GD32VF103.elf.dir/devices/startup/init.c.obj
                                        0x54f (size before relaxing)
 .debug_str     0x000000000000100d       0x49 CMakeFiles/LED_GD32VF103.elf.dir/devices/startup/start.S.obj
                                         0x8c (size before relaxing)
 .debug_str     0x0000000000001056       0x9c CMakeFiles/LED_GD32VF103.elf.dir/devices/system_gd32vf103.c.obj
                                        0x237 (size before relaxing)
 .debug_str     0x00000000000010f2       0x2d CMakeFiles/LED_GD32VF103.elf.dir/src/main.c.obj
                                        0x3e5 (size before relaxing)
 .debug_str     0x000000000000111f       0x2d CMakeFiles/LED_GD32VF103.elf.dir/src/systick.c.obj
                                        0x1b6 (size before relaxing)
 .debug_str     0x000000000000111f       0x6d libdrvlib_gd32vf103.a(gd32vf103_exmc.c.obj)
                                        0x319 (size before relaxing)
 .debug_str     0x000000000000118c      0x359 libdrvlib_gd32vf103.a(gd32vf103_gpio.c.obj)
                                        0x556 (size before relaxing)
 .debug_str     0x00000000000014e5      0x844 libdrvlib_gd32vf103.a(gd32vf103_rcu.c.obj)
                                        0xda8 (size before relaxing)

.debug_line_str
                0x0000000000000000      0x7eb
 .debug_line_str
                0x0000000000000000      0x266 CMakeFiles/LED_GD32VF103.elf.dir/LCD_common/exmc_lcd.c.obj
                                        0x2bf (size before relaxing)
 .debug_line_str
                0x0000000000000266       0x5f CMakeFiles/LED_GD32VF103.elf.dir/LCD_common/ili9320.c.obj
                                        0x210 (size before relaxing)
 .debug_line_str
                0x00000000000002c5       0x50 CMakeFiles/LED_GD32VF103.elf.dir/LCD_common/picture.c.obj
                                        0x201 (size before relaxing)
 .debug_line_str
                0x0000000000000315       0x4a CMakeFiles/LED_GD32VF103.elf.dir/LCD_common/touch_panel.c.obj
                                        0x2b7 (size before relaxing)
 .debug_line_str
                0x000000000000035f      0x11b CMakeFiles/LED_GD32VF103.elf.dir/RISCV/drivers/n200_func.c.obj
                                        0x2cd (size before relaxing)
 .debug_line_str
                0x000000000000047a       0x49 CMakeFiles/LED_GD32VF103.elf.dir/devices/startup/entry.S.obj
                                         0x88 (size before relaxing)
 .debug_line_str
                0x00000000000004c3       0x55 CMakeFiles/LED_GD32VF103.elf.dir/devices/startup/handlers.c.obj
                                        0x294 (size before relaxing)
 .debug_line_str
                0x0000000000000518       0x54 CMakeFiles/LED_GD32VF103.elf.dir/devices/startup/init.c.obj
                                        0x29b (size before relaxing)
 .debug_line_str
                0x000000000000056c        0x8 CMakeFiles/LED_GD32VF103.elf.dir/devices/startup/start.S.obj
                                         0x88 (size before relaxing)
 .debug_line_str
                0x0000000000000574       0x4c CMakeFiles/LED_GD32VF103.elf.dir/devices/system_gd32vf103.c.obj
                                        0x21f (size before relaxing)
 .debug_line_str
                0x00000000000005c0       0x86 CMakeFiles/LED_GD32VF103.elf.dir/src/main.c.obj
                                        0x2f6 (size before relaxing)
 .debug_line_str
                0x0000000000000646       0x3f CMakeFiles/LED_GD32VF103.elf.dir/src/systick.c.obj
                                        0x280 (size before relaxing)
 .debug_line_str
                0x0000000000000685       0xab libdrvlib_gd32vf103.a(gd32vf103_exmc.c.obj)
                                        0x2d2 (size before relaxing)
 .debug_line_str
                0x0000000000000730       0x5e libdrvlib_gd32vf103.a(gd32vf103_gpio.c.obj)
                                        0x2e2 (size before relaxing)
 .debug_line_str
                0x000000000000078e       0x5d libdrvlib_gd32vf103.a(gd32vf103_rcu.c.obj)
                                        0x2ce (size before relaxing)

.comment        0x0000000000000000       0x33
 .comment       0x0000000000000000       0x33 CMakeFiles/LED_GD32VF103.elf.dir/LCD_common/exmc_lcd.c.obj
                                         0x34 (size before relaxing)
 .comment       0x0000000000000033       0x34 CMakeFiles/LED_GD32VF103.elf.dir/LCD_common/ili9320.c.obj
 .comment       0x0000000000000033       0x34 CMakeFiles/LED_GD32VF103.elf.dir/LCD_common/picture.c.obj
 .comment       0x0000000000000033       0x34 CMakeFiles/LED_GD32VF103.elf.dir/LCD_common/touch_panel.c.obj
 .comment       0x0000000000000033       0x34 CMakeFiles/LED_GD32VF103.elf.dir/RISCV/drivers/n200_func.c.obj
 .comment       0x0000000000000033       0x34 CMakeFiles/LED_GD32VF103.elf.dir/devices/startup/handlers.c.obj
 .comment       0x0000000000000033       0x34 CMakeFiles/LED_GD32VF103.elf.dir/devices/startup/init.c.obj
 .comment       0x0000000000000033       0x34 CMakeFiles/LED_GD32VF103.elf.dir/devices/system_gd32vf103.c.obj
 .comment       0x0000000000000033       0x34 CMakeFiles/LED_GD32VF103.elf.dir/src/main.c.obj
 .comment       0x0000000000000033       0x34 CMakeFiles/LED_GD32VF103.elf.dir/src/systick.c.obj
 .comment       0x0000000000000033       0x34 libdrvlib_gd32vf103.a(gd32vf103_exmc.c.obj)
 .comment       0x0000000000000033       0x34 libdrvlib_gd32vf103.a(gd32vf103_gpio.c.obj)
 .comment       0x0000000000000033       0x34 libdrvlib_gd32vf103.a(gd32vf103_rcu.c.obj)
 .comment       0x0000000000000033       0x34 /home/fab/sharefile/tools/riscv-none-elf-gcc/xpack-riscv-none-elf-gcc-12.2.0-1/bin/../lib/gcc/riscv-none-elf/12.2.0/../../../../riscv-none-elf/lib/libg_nano.a(lib_a-atexit.o)
 .comment       0x0000000000000033       0x34 /home/fab/sharefile/tools/riscv-none-elf-gcc/xpack-riscv-none-elf-gcc-12.2.0-1/bin/../lib/gcc/riscv-none-elf/12.2.0/../../../../riscv-none-elf/lib/libg_nano.a(lib_a-exit.o)
 .comment       0x0000000000000033       0x34 /home/fab/sharefile/tools/riscv-none-elf-gcc/xpack-riscv-none-elf-gcc-12.2.0-1/bin/../lib/gcc/riscv-none-elf/12.2.0/../../../../riscv-none-elf/lib/libg_nano.a(lib_a-fini.o)
 .comment       0x0000000000000033       0x34 /home/fab/sharefile/tools/riscv-none-elf-gcc/xpack-riscv-none-elf-gcc-12.2.0-1/bin/../lib/gcc/riscv-none-elf/12.2.0/../../../../riscv-none-elf/lib/libg_nano.a(lib_a-impure.o)
 .comment       0x0000000000000033       0x34 /home/fab/sharefile/tools/riscv-none-elf-gcc/xpack-riscv-none-elf-gcc-12.2.0-1/bin/../lib/gcc/riscv-none-elf/12.2.0/../../../../riscv-none-elf/lib/libg_nano.a(lib_a-init.o)
 .comment       0x0000000000000033       0x34 /home/fab/sharefile/tools/riscv-none-elf-gcc/xpack-riscv-none-elf-gcc-12.2.0-1/bin/../lib/gcc/riscv-none-elf/12.2.0/../../../../riscv-none-elf/lib/libg_nano.a(lib_a-syswrite.o)
 .comment       0x0000000000000033       0x34 /home/fab/sharefile/tools/riscv-none-elf-gcc/xpack-riscv-none-elf-gcc-12.2.0-1/bin/../lib/gcc/riscv-none-elf/12.2.0/../../../../riscv-none-elf/lib/libg_nano.a(lib_a-writer.o)
 .comment       0x0000000000000033       0x34 /home/fab/sharefile/tools/riscv-none-elf-gcc/xpack-riscv-none-elf-gcc-12.2.0-1/bin/../lib/gcc/riscv-none-elf/12.2.0/../../../../riscv-none-elf/lib/libg_nano.a(lib_a-__atexit.o)
 .comment       0x0000000000000033       0x34 /home/fab/sharefile/tools/riscv-none-elf-gcc/xpack-riscv-none-elf-gcc-12.2.0-1/bin/../lib/gcc/riscv-none-elf/12.2.0/../../../../riscv-none-elf/lib/libg_nano.a(lib_a-__call_atexit.o)
 .comment       0x0000000000000033       0x34 /home/fab/sharefile/tools/riscv-none-elf-gcc/xpack-riscv-none-elf-gcc-12.2.0-1/bin/../lib/gcc/riscv-none-elf/12.2.0/../../../../riscv-none-elf/lib/libg_nano.a(lib_a-lock.o)
 .comment       0x0000000000000033       0x34 /home/fab/sharefile/tools/riscv-none-elf-gcc/xpack-riscv-none-elf-gcc-12.2.0-1/bin/../lib/gcc/riscv-none-elf/12.2.0/../../../../riscv-none-elf/lib/libg_nano.a(lib_a-reent.o)
 .comment       0x0000000000000033       0x34 /home/fab/sharefile/tools/riscv-none-elf-gcc/xpack-riscv-none-elf-gcc-12.2.0-1/bin/../lib/gcc/riscv-none-elf/12.2.0/../../../../riscv-none-elf/lib/libg_nano.a(lib_a-nano-freer.o)
 .comment       0x0000000000000033       0x34 /home/fab/sharefile/tools/riscv-none-elf-gcc/xpack-riscv-none-elf-gcc-12.2.0-1/bin/../lib/gcc/riscv-none-elf/12.2.0/../../../../riscv-none-elf/lib/libg_nano.a(lib_a-nano-mallocr.o)
 .comment       0x0000000000000033       0x34 /home/fab/sharefile/tools/riscv-none-elf-gcc/xpack-riscv-none-elf-gcc-12.2.0-1/bin/../lib/gcc/riscv-none-elf/12.2.0/../../../../riscv-none-elf/lib/libg_nano.a(lib_a-sbrkr.o)
 .comment       0x0000000000000033       0x34 /home/fab/sharefile/tools/riscv-none-elf-gcc/xpack-riscv-none-elf-gcc-12.2.0-1/bin/../lib/gcc/riscv-none-elf/12.2.0/../../../../riscv-none-elf/lib/libg_nano.a(lib_a-mlock.o)
 .comment       0x0000000000000033       0x34 /home/fab/sharefile/tools/riscv-none-elf-gcc/xpack-riscv-none-elf-gcc-12.2.0-1/bin/../lib/gcc/riscv-none-elf/12.2.0/../../../../riscv-none-elf/lib/libgloss_nano.a(sys_exit.o)
 .comment       0x0000000000000033       0x34 /home/fab/sharefile/tools/riscv-none-elf-gcc/xpack-riscv-none-elf-gcc-12.2.0-1/bin/../lib/gcc/riscv-none-elf/12.2.0/../../../../riscv-none-elf/lib/libgloss_nano.a(sys_sbrk.o)
 .comment       0x0000000000000033       0x34 /home/fab/sharefile/tools/riscv-none-elf-gcc/xpack-riscv-none-elf-gcc-12.2.0-1/bin/../lib/gcc/riscv-none-elf/12.2.0/../../../../riscv-none-elf/lib/libgloss_nano.a(sys_write.o)
 .comment       0x0000000000000033       0x34 /home/fab/sharefile/tools/riscv-none-elf-gcc/xpack-riscv-none-elf-gcc-12.2.0-1/bin/../lib/gcc/riscv-none-elf/12.2.0/../../../../riscv-none-elf/lib/libc_nano.a(lib_a-errno.o)

.riscv.attributes
                0x0000000000000000       0x38
 .riscv.attributes
                0x0000000000000000       0x34 CMakeFiles/LED_GD32VF103.elf.dir/LCD_common/exmc_lcd.c.obj
 .riscv.attributes
                0x0000000000000034       0x34 CMakeFiles/LED_GD32VF103.elf.dir/LCD_common/ili9320.c.obj
 .riscv.attributes
                0x0000000000000068       0x34 CMakeFiles/LED_GD32VF103.elf.dir/LCD_common/picture.c.obj
 .riscv.attributes
                0x000000000000009c       0x34 CMakeFiles/LED_GD32VF103.elf.dir/LCD_common/touch_panel.c.obj
 .riscv.attributes
                0x00000000000000d0       0x38 CMakeFiles/LED_GD32VF103.elf.dir/RISCV/drivers/n200_func.c.obj
 .riscv.attributes
                0x0000000000000108       0x36 CMakeFiles/LED_GD32VF103.elf.dir/devices/startup/entry.S.obj
 .riscv.attributes
                0x000000000000013e       0x34 CMakeFiles/LED_GD32VF103.elf.dir/devices/startup/handlers.c.obj
 .riscv.attributes
                0x0000000000000172       0x34 CMakeFiles/LED_GD32VF103.elf.dir/devices/startup/init.c.obj
 .riscv.attributes
                0x00000000000001a6       0x36 CMakeFiles/LED_GD32VF103.elf.dir/devices/startup/start.S.obj
 .riscv.attributes
                0x00000000000001dc       0x34 CMakeFiles/LED_GD32VF103.elf.dir/devices/system_gd32vf103.c.obj
 .riscv.attributes
                0x0000000000000210       0x34 CMakeFiles/LED_GD32VF103.elf.dir/src/main.c.obj
 .riscv.attributes
                0x0000000000000244       0x34 CMakeFiles/LED_GD32VF103.elf.dir/src/systick.c.obj
 .riscv.attributes
                0x0000000000000278       0x34 libdrvlib_gd32vf103.a(gd32vf103_exmc.c.obj)
 .riscv.attributes
                0x00000000000002ac       0x34 libdrvlib_gd32vf103.a(gd32vf103_gpio.c.obj)
 .riscv.attributes
                0x00000000000002e0       0x34 libdrvlib_gd32vf103.a(gd32vf103_rcu.c.obj)
 .riscv.attributes
                0x0000000000000314       0x2b /home/fab/sharefile/tools/riscv-none-elf-gcc/xpack-riscv-none-elf-gcc-12.2.0-1/bin/../lib/gcc/riscv-none-elf/12.2.0/../../../../riscv-none-elf/lib/libg_nano.a(lib_a-atexit.o)
 .riscv.attributes
                0x000000000000033f       0x2b /home/fab/sharefile/tools/riscv-none-elf-gcc/xpack-riscv-none-elf-gcc-12.2.0-1/bin/../lib/gcc/riscv-none-elf/12.2.0/../../../../riscv-none-elf/lib/libg_nano.a(lib_a-exit.o)
 .riscv.attributes
                0x000000000000036a       0x2b /home/fab/sharefile/tools/riscv-none-elf-gcc/xpack-riscv-none-elf-gcc-12.2.0-1/bin/../lib/gcc/riscv-none-elf/12.2.0/../../../../riscv-none-elf/lib/libg_nano.a(lib_a-fini.o)
 .riscv.attributes
                0x0000000000000395       0x2b /home/fab/sharefile/tools/riscv-none-elf-gcc/xpack-riscv-none-elf-gcc-12.2.0-1/bin/../lib/gcc/riscv-none-elf/12.2.0/../../../../riscv-none-elf/lib/libg_nano.a(lib_a-impure.o)
 .riscv.attributes
                0x00000000000003c0       0x2b /home/fab/sharefile/tools/riscv-none-elf-gcc/xpack-riscv-none-elf-gcc-12.2.0-1/bin/../lib/gcc/riscv-none-elf/12.2.0/../../../../riscv-none-elf/lib/libg_nano.a(lib_a-init.o)
 .riscv.attributes
                0x00000000000003eb       0x2b /home/fab/sharefile/tools/riscv-none-elf-gcc/xpack-riscv-none-elf-gcc-12.2.0-1/bin/../lib/gcc/riscv-none-elf/12.2.0/../../../../riscv-none-elf/lib/libg_nano.a(lib_a-syswrite.o)
 .riscv.attributes
                0x0000000000000416       0x2b /home/fab/sharefile/tools/riscv-none-elf-gcc/xpack-riscv-none-elf-gcc-12.2.0-1/bin/../lib/gcc/riscv-none-elf/12.2.0/../../../../riscv-none-elf/lib/libg_nano.a(lib_a-writer.o)
 .riscv.attributes
                0x0000000000000441       0x2b /home/fab/sharefile/tools/riscv-none-elf-gcc/xpack-riscv-none-elf-gcc-12.2.0-1/bin/../lib/gcc/riscv-none-elf/12.2.0/../../../../riscv-none-elf/lib/libg_nano.a(lib_a-__atexit.o)
 .riscv.attributes
                0x000000000000046c       0x2b /home/fab/sharefile/tools/riscv-none-elf-gcc/xpack-riscv-none-elf-gcc-12.2.0-1/bin/../lib/gcc/riscv-none-elf/12.2.0/../../../../riscv-none-elf/lib/libg_nano.a(lib_a-__call_atexit.o)
 .riscv.attributes
                0x0000000000000497       0x2b /home/fab/sharefile/tools/riscv-none-elf-gcc/xpack-riscv-none-elf-gcc-12.2.0-1/bin/../lib/gcc/riscv-none-elf/12.2.0/../../../../riscv-none-elf/lib/libg_nano.a(lib_a-lock.o)
 .riscv.attributes
                0x00000000000004c2       0x2b /home/fab/sharefile/tools/riscv-none-elf-gcc/xpack-riscv-none-elf-gcc-12.2.0-1/bin/../lib/gcc/riscv-none-elf/12.2.0/../../../../riscv-none-elf/lib/libg_nano.a(lib_a-reent.o)
 .riscv.attributes
                0x00000000000004ed       0x2b /home/fab/sharefile/tools/riscv-none-elf-gcc/xpack-riscv-none-elf-gcc-12.2.0-1/bin/../lib/gcc/riscv-none-elf/12.2.0/../../../../riscv-none-elf/lib/libg_nano.a(lib_a-nano-freer.o)
 .riscv.attributes